2025-04-29 02:39:14.118 [info] Experiment 'pythonaa' is active
2025-04-29 02:39:14.119 [info] Experiment 'pythonRecommendTensorboardExt' is active
2025-04-29 02:39:14.119 [info] Experiment 'pythonTerminalEnvVarActivation' is active
2025-04-29 02:39:14.134 [warning] Dir "/home/coder/project/PythonMCP/.pixi/envs" is not watchable (directory does not exist)
2025-04-29 02:39:14.217 [info] Starting Environment refresh
2025-04-29 02:39:14.217 [info] Searching for interpreters in posix paths locator
2025-04-29 02:39:14.227 [info] Searching for pyenv environments
2025-04-29 02:39:14.227 [info] Searching for conda environments
2025-04-29 02:39:14.230 [info] Searching for global virtual environments
2025-04-29 02:39:14.230 [info] Searching for custom virtual environments
2025-04-29 02:39:14.515 [info] pyenv is not installed
2025-04-29 02:39:14.516 [info] Finished searching for pyenv environments: 296 milliseconds
2025-04-29 02:39:14.516 [info] Finished searching for custom virtual envs: 295 milliseconds
2025-04-29 02:39:14.527 [info] > conda info --json
2025-04-29 02:39:14.533 [info] > hatch env show --json
2025-04-29 02:39:14.533 [info] cwd: .
2025-04-29 02:39:14.546 [info] > pyenv which python
2025-04-29 02:39:14.547 [info] cwd: .
2025-04-29 02:39:14.547 [info] Finished searching for global virtual envs: 327 milliseconds
2025-04-29 02:39:14.552 [info] Found: /bin/python3 --> /bin/python3.11
2025-04-29 02:39:14.554 [info] Found: /bin/python3.11 --> /bin/python3.11
2025-04-29 02:39:14.568 [info] Found: /usr/bin/python3 --> /usr/bin/python3.11
2025-04-29 02:39:14.569 [info] Found: /usr/bin/python3.11 --> /usr/bin/python3.11
2025-04-29 02:39:14.944 [info] Finished searching for interpreters in posix paths locator: 712 milliseconds
2025-04-29 02:39:14.952 [info] > /bin/python3 -I ~/.local/share/code-server/extensions/ms-python.python-2025.4.0-universal/python_files/get_output_via_markers.py ~/.local/share/code-server/extensions/ms-python.python-2025.4.0-universal/python_files/interpreterInfo.py
2025-04-29 02:39:14.981 [info] > /usr/bin/python3 -I ~/.local/share/code-server/extensions/ms-python.python-2025.4.0-universal/python_files/get_output_via_markers.py ~/.local/share/code-server/extensions/ms-python.python-2025.4.0-universal/python_files/interpreterInfo.py
2025-04-29 02:39:15.033 [info] Environments refresh paths discovered (event): 819 milliseconds
2025-04-29 02:39:15.034 [info] Environments refresh paths discovered: 820 milliseconds
2025-04-29 02:39:15.291 [info] Environments refresh finished (event): 1077 milliseconds
2025-04-29 02:39:15.306 [info] Environment refresh took 1091 milliseconds
2025-04-29 02:39:15.344 [info] Python interpreter path: /bin/python3
2025-04-29 02:39:30.867 [info] Starting Jedi language server for PythonMCP.
