2025-04-26 05:23:57.940 [info] [main] Log level: Info
2025-04-26 05:23:57.940 [info] [main] Validating found git in: "git"
2025-04-26 05:23:57.940 [info] [main] Using git "2.39.5" from "git"
2025-04-26 05:23:57.940 [info] [Model][doInitialScan] Initial repository scan started
2025-04-26 05:23:57.941 [info] > git rev-parse --show-toplevel [53ms]
2025-04-26 05:23:57.953 [info] > git rev-parse --git-dir --git-common-dir [16ms]
2025-04-26 05:23:57.969 [info] [Model][openRepository] Opened repository: /home/coder/project/PythonMCP
2025-04-26 05:23:57.974 [info] [Model][doInitialScan] Initial repository scan completed - repositories (1), closed repositories (0), parent repositories (0), unsafe repositories (0)
2025-04-26 05:23:58.006 [info] > git config --get commit.template [26ms]
2025-04-26 05:23:58.053 [info] > git for-each-ref --format=%(refname)%00%(upstream:short)%00%(objectname)%00%(upstream:track)%00%(upstream:remotename)%00%(upstream:remoteref) refs/heads/main refs/remotes/main [68ms]
2025-04-26 05:23:58.058 [warning] [Git][revParse] Unable to read file: ENOENT: no such file or directory, open '/home/coder/project/PythonMCP/.git/refs/remotes/origin/main'
2025-04-26 05:23:58.085 [info] > git rev-parse refs/remotes/origin/main [27ms]
2025-04-26 05:23:58.131 [info] > git for-each-ref --sort -committerdate --format %(refname)%00%(objectname)%00%(*objectname) [40ms]
2025-04-26 05:23:58.159 [info] > git status -z -uall [71ms]
2025-04-26 05:23:58.227 [info] > git config --get commit.template [42ms]
2025-04-26 05:23:58.253 [info] > git for-each-ref --format=%(refname)%00%(upstream:short)%00%(objectname)%00%(upstream:track)%00%(upstream:remotename)%00%(upstream:remoteref) refs/heads/main refs/remotes/main [65ms]
2025-04-26 05:23:58.254 [info] > git for-each-ref --format=%(refname)%00%(upstream:short)%00%(objectname)%00%(upstream:track)%00%(upstream:remotename)%00%(upstream:remoteref) refs/heads/main refs/remotes/main [76ms]
2025-04-26 05:23:58.258 [warning] [Git][revParse] Unable to read file: ENOENT: no such file or directory, open '/home/coder/project/PythonMCP/.git/refs/remotes/origin/main'
2025-04-26 05:23:58.270 [info] > git config --get --local branch.main.vscode-merge-base [12ms]
2025-04-26 05:23:58.270 [warning] [Git][config] git config failed: Failed to execute git
2025-04-26 05:23:58.283 [info] > git rev-parse refs/remotes/origin/main [24ms]
2025-04-26 05:23:58.330 [info] > git reflog main --grep-reflog=branch: Created from *. [58ms]
2025-04-26 05:23:58.333 [info] > git for-each-ref --sort -committerdate --format %(refname)%00%(objectname)%00%(*objectname) [44ms]
2025-04-26 05:23:58.531 [info] > git status -z -uall [247ms]
2025-04-26 05:23:58.531 [info] > git symbolic-ref --short refs/remotes/origin/HEAD [199ms]
2025-04-26 05:23:58.561 [info] > git check-ignore -v -z --stdin [36ms]
2025-04-26 05:23:58.593 [info] > git for-each-ref --format=%(refname)%00%(upstream:short)%00%(objectname)%00%(upstream:track)%00%(upstream:remotename)%00%(upstream:remoteref) refs/heads/origin/main refs/remotes/origin/main [55ms]
2025-04-26 05:23:58.627 [info] > git config --add --local branch.main.vscode-merge-base origin/main [30ms]
2025-04-26 05:23:58.650 [info] > git config --get commit.template [17ms]
2025-04-26 05:23:58.652 [info] > git for-each-ref --format=%(refname)%00%(upstream:short)%00%(objectname)%00%(upstream:track)%00%(upstream:remotename)%00%(upstream:remoteref) refs/heads/main refs/remotes/main [105ms]
2025-04-26 05:23:58.675 [info] > git config --get --local branch.main.vscode-merge-base [14ms]
2025-04-26 05:23:58.717 [info] > git for-each-ref --format=%(refname)%00%(upstream:short)%00%(objectname)%00%(upstream:track)%00%(upstream:remotename)%00%(upstream:remoteref) refs/heads/main refs/remotes/main [82ms]
2025-04-26 05:23:58.719 [info] > git for-each-ref --format=%(refname)%00%(upstream:short)%00%(objectname)%00%(upstream:track)%00%(upstream:remotename)%00%(upstream:remoteref) refs/heads/origin/main refs/remotes/origin/main [42ms]
2025-04-26 05:23:58.729 [warning] [Git][revParse] Unable to read file: ENOENT: no such file or directory, open '/home/coder/project/PythonMCP/.git/refs/remotes/origin/main'
2025-04-26 05:23:58.751 [info] > git rev-parse refs/remotes/origin/main [22ms]
2025-04-26 05:23:58.789 [info] > git merge-base refs/heads/main refs/remotes/origin/main [65ms]
2025-04-26 05:23:58.805 [info] > git for-each-ref --sort -committerdate --format %(refname)%00%(objectname)%00%(*objectname) [46ms]
2025-04-26 05:23:58.824 [info] > git status -z -uall [69ms]
2025-04-26 05:23:58.837 [info] > git diff --name-status -z --diff-filter=ADMR 0c7b8de9198f23282b63867eeeae943f6fabf885...refs/remotes/origin/main [45ms]
2025-04-26 05:23:58.868 [info] > git merge-base refs/heads/main refs/remotes/origin/main [39ms]
2025-04-26 05:23:58.871 [info] > git merge-base refs/heads/main refs/remotes/origin/main [39ms]
2025-04-26 05:23:58.907 [info] > git diff --name-status -z --diff-filter=ADMR 0c7b8de9198f23282b63867eeeae943f6fabf885...refs/remotes/origin/main [37ms]
2025-04-26 05:23:58.908 [info] > git diff --name-status -z --diff-filter=ADMR 0c7b8de9198f23282b63867eeeae943f6fabf885...refs/remotes/origin/main [35ms]
2025-04-26 05:24:46.066 [info] > git for-each-ref --sort -committerdate --format %(refname)%00%(objectname)%00%(*objectname)%00%(parent)%00%(*parent)%00%(authorname)%00%(*authorname)%00%(committerdate:unix)%00%(*committerdate:unix)%00%(subject)%00%(*subject)%00%(upstream:track) [70ms]
2025-04-26 05:24:51.342 [info] > git for-each-ref --format %(refname:short)%00%(upstream:short) refs/heads [57ms]
2025-04-26 05:24:51.498 [info] > git checkout -q --track origin/1-initial [151ms]
2025-04-26 05:24:51.511 [info] > git config --get commit.template [8ms]
2025-04-26 05:24:51.571 [info] > git for-each-ref --format=%(refname)%00%(upstream:short)%00%(objectname)%00%(upstream:track)%00%(upstream:remotename)%00%(upstream:remoteref) refs/heads/1-initial refs/remotes/1-initial [66ms]
2025-04-26 05:24:51.575 [warning] [Git][revParse] Unable to read file: ENOENT: no such file or directory, open '/home/coder/project/PythonMCP/.git/refs/remotes/origin/1-initial'
2025-04-26 05:24:51.599 [info] > git rev-parse refs/remotes/origin/1-initial [24ms]
2025-04-26 05:24:51.644 [info] > git for-each-ref --sort -committerdate --format %(refname)%00%(objectname)%00%(*objectname) [40ms]
2025-04-26 05:24:51.666 [info] > git status -z -uall [64ms]
2025-04-26 05:24:51.737 [info] > git for-each-ref --format=%(refname)%00%(upstream:short)%00%(objectname)%00%(upstream:track)%00%(upstream:remotename)%00%(upstream:remoteref) refs/heads/1-initial refs/remotes/1-initial [63ms]
2025-04-26 05:24:51.753 [info] > git config --get --local branch.1-initial.vscode-merge-base [14ms]
2025-04-26 05:24:51.753 [warning] [Git][config] git config failed: Failed to execute git
2025-04-26 05:24:51.804 [info] > git reflog 1-initial --grep-reflog=branch: Created from *. [49ms]
2025-04-26 05:24:51.844 [info] > git for-each-ref --format=%(refname)%00%(upstream:short)%00%(objectname)%00%(upstream:track)%00%(upstream:remotename)%00%(upstream:remoteref) refs/heads/origin/1-initial refs/remotes/origin/1-initial [36ms]
2025-04-26 05:24:51.865 [info] > git config --add --local branch.1-initial.vscode-merge-base origin/1-initial [18ms]
2025-04-26 05:24:51.878 [info] > git config --get commit.template [8ms]
2025-04-26 05:24:51.939 [info] > git for-each-ref --format=%(refname)%00%(upstream:short)%00%(objectname)%00%(upstream:track)%00%(upstream:remotename)%00%(upstream:remoteref) refs/heads/1-initial refs/remotes/1-initial [66ms]
2025-04-26 05:24:51.943 [warning] [Git][revParse] Unable to read file: ENOENT: no such file or directory, open '/home/coder/project/PythonMCP/.git/refs/remotes/origin/1-initial'
2025-04-26 05:24:51.968 [info] > git rev-parse refs/remotes/origin/1-initial [25ms]
2025-04-26 05:24:52.010 [info] > git for-each-ref --sort -committerdate --format %(refname)%00%(objectname)%00%(*objectname) [37ms]
2025-04-26 05:24:52.034 [info] > git status -z -uall [64ms]
2025-04-26 05:24:52.087 [info] > git merge-base refs/heads/1-initial refs/remotes/origin/1-initial [44ms]
2025-04-26 05:24:52.106 [info] > git for-each-ref --format=%(refname)%00%(upstream:short)%00%(objectname)%00%(upstream:track)%00%(upstream:remotename)%00%(upstream:remoteref) refs/heads/1-initial refs/remotes/1-initial [67ms]
2025-04-26 05:24:52.116 [info] > git config --get --local branch.1-initial.vscode-merge-base [8ms]
2025-04-26 05:24:52.132 [info] > git diff --name-status -z --diff-filter=ADMR 0c7b8de9198f23282b63867eeeae943f6fabf885...refs/remotes/origin/1-initial [43ms]
2025-04-26 05:24:52.147 [info] > git for-each-ref --format=%(refname)%00%(upstream:short)%00%(objectname)%00%(upstream:track)%00%(upstream:remotename)%00%(upstream:remoteref) refs/heads/origin/1-initial refs/remotes/origin/1-initial [28ms]
2025-04-26 05:39:04.492 [info] > git check-ignore -v -z --stdin [21ms]
2025-04-26 05:39:17.205 [info] > git check-ignore -v -z --stdin [22ms]
2025-04-26 05:39:55.872 [info] > git show --textconv :docker/docker-compose.yml [18ms]
2025-04-26 05:39:55.879 [info] > git ls-files --stage -- docker/docker-compose.yml [21ms]
2025-04-26 05:39:55.888 [info] > git hash-object -t tree /dev/null [13ms]
2025-04-26 05:39:55.889 [warning] [GitFileSystemProvider][readFile] File not found - git:/home/coder/project/PythonMCP/docker/docker-compose.yml.git?%7B%22path%22%3A%22%2Fhome%2Fcoder%2Fproject%2FPythonMCP%2Fdocker%2Fdocker-compose.yml%22%2C%22ref%22%3A%22%22%7D
2025-04-26 05:39:55.893 [info] > git hash-object -t tree /dev/null [10ms]
2025-04-26 05:39:55.894 [warning] [GitFileSystemProvider][stat] File not found - git:/home/coder/project/PythonMCP/docker/docker-compose.yml.git?%7B%22path%22%3A%22%2Fhome%2Fcoder%2Fproject%2FPythonMCP%2Fdocker%2Fdocker-compose.yml%22%2C%22ref%22%3A%22%22%7D
2025-04-26 05:51:01.493 [info] > git ls-files --stage -- README.md [40ms]
2025-04-26 05:51:01.523 [info] > git show --textconv :README.md [118ms]
2025-04-26 05:51:01.541 [info] > git cat-file -s 332740ceaa70b53b4161b3788c404f8004ebc609 [42ms]
2025-04-26 05:51:08.939 [info] > git log --oneline --cherry 1-initial...1-initial@{upstream} -- [89ms]
2025-04-26 05:51:09.929 [info] > git pull --tags origin 1-initial [988ms]
2025-04-26 05:51:09.929 [info] From https://github.com/kenchic/PythonMCP
 * branch            1-initial  -> FETCH_HEAD
   0c7b8de..299b7d4  1-initial  -> origin/1-initial
2025-04-26 05:51:09.944 [info] > git config --get commit.template [11ms]
2025-04-26 05:51:10.007 [info] > git for-each-ref --format=%(refname)%00%(upstream:short)%00%(objectname)%00%(upstream:track)%00%(upstream:remotename)%00%(upstream:remoteref) refs/heads/1-initial refs/remotes/1-initial [70ms]
2025-04-26 05:51:10.059 [info] > git for-each-ref --sort -committerdate --format %(refname)%00%(objectname)%00%(*objectname) [45ms]
2025-04-26 05:51:10.078 [info] > git status -z -uall [67ms]
2025-04-26 05:51:10.138 [info] > git merge-base refs/heads/1-initial refs/remotes/origin/1-initial [51ms]
2025-04-26 05:51:10.203 [info] > git diff --name-status -z --diff-filter=ADMR 299b7d40912fdb86784e5f39dbd9face9f24ba43...refs/remotes/origin/1-initial [63ms]
2025-04-26 05:51:14.934 [info] > git config --get commit.template [12ms]
2025-04-26 05:51:15.020 [info] > git for-each-ref --format=%(refname)%00%(upstream:short)%00%(objectname)%00%(upstream:track)%00%(upstream:remotename)%00%(upstream:remoteref) refs/heads/1-initial refs/remotes/1-initial [94ms]
2025-04-26 05:51:15.042 [info] > git ls-files --stage -- README.md [17ms]
2025-04-26 05:51:15.082 [info] > git cat-file -s 0b7d5fd0b1a9629265af5b8ad1e093d1bc7242d1 [38ms]
2025-04-26 05:51:15.102 [info] > git for-each-ref --sort -committerdate --format %(refname)%00%(objectname)%00%(*objectname) [70ms]
2025-04-26 05:51:15.111 [info] > git status -z -uall [82ms]
2025-04-26 05:51:15.130 [info] > git show --textconv :README.md [40ms]
2025-04-26 05:51:16.655 [info] > git fetch [706ms]
2025-04-26 05:51:16.669 [info] > git config --get commit.template [9ms]
2025-04-26 05:51:16.746 [info] > git for-each-ref --format=%(refname)%00%(upstream:short)%00%(objectname)%00%(upstream:track)%00%(upstream:remotename)%00%(upstream:remoteref) refs/heads/1-initial refs/remotes/1-initial [84ms]
2025-04-26 05:51:16.811 [info] > git for-each-ref --sort -committerdate --format %(refname)%00%(objectname)%00%(*objectname) [54ms]
2025-04-26 05:51:16.815 [info] > git status -z -uall [59ms]
2025-04-26 05:51:26.112 [info] > git ls-files --stage -- README.md [14ms]
2025-04-26 05:51:26.154 [info] > git show --textconv :README.md [59ms]
2025-04-26 05:51:26.155 [info] > git cat-file -s 0b7d5fd0b1a9629265af5b8ad1e093d1bc7242d1 [40ms]
2025-04-26 05:58:52.923 [info] > git fetch [931ms]
2025-04-26 05:58:52.924 [info] From https://github.com/kenchic/PythonMCP
   299b7d4..a3152be  1-initial  -> origin/1-initial
2025-04-26 05:58:52.938 [info] > git config --get commit.template [10ms]
2025-04-26 05:58:53.027 [info] > git for-each-ref --format=%(refname)%00%(upstream:short)%00%(objectname)%00%(upstream:track)%00%(upstream:remotename)%00%(upstream:remoteref) refs/heads/1-initial refs/remotes/1-initial [96ms]
2025-04-26 05:58:53.091 [info] > git for-each-ref --sort -committerdate --format %(refname)%00%(objectname)%00%(*objectname) [55ms]
2025-04-26 05:58:53.109 [info] > git status -z -uall [77ms]
2025-04-26 05:58:53.181 [info] > git merge-base refs/heads/1-initial refs/remotes/origin/1-initial [63ms]
2025-04-26 05:58:53.246 [info] > git diff --name-status -z --diff-filter=ADMR 299b7d40912fdb86784e5f39dbd9face9f24ba43...refs/remotes/origin/1-initial [62ms]
2025-04-26 05:59:04.067 [info] > git log --oneline --cherry 1-initial...1-initial@{upstream} -- [96ms]
2025-04-26 05:59:04.924 [info] > git pull --tags origin 1-initial [855ms]
2025-04-26 05:59:04.924 [info] From https://github.com/kenchic/PythonMCP
 * branch            1-initial  -> FETCH_HEAD
2025-04-26 05:59:04.937 [info] > git config --get commit.template [10ms]
2025-04-26 05:59:04.998 [info] > git for-each-ref --format=%(refname)%00%(upstream:short)%00%(objectname)%00%(upstream:track)%00%(upstream:remotename)%00%(upstream:remoteref) refs/heads/1-initial refs/remotes/1-initial [68ms]
2025-04-26 05:59:05.052 [info] > git for-each-ref --sort -committerdate --format %(refname)%00%(objectname)%00%(*objectname) [47ms]
2025-04-26 05:59:05.070 [info] > git status -z -uall [66ms]
2025-04-26 05:59:05.126 [info] > git merge-base refs/heads/1-initial refs/remotes/origin/1-initial [49ms]
2025-04-26 05:59:05.186 [info] > git diff --name-status -z --diff-filter=ADMR a3152be1bd344e912291b5ab07fd5f879c5ceae6...refs/remotes/origin/1-initial [58ms]
2025-04-26 05:59:11.778 [info] > git ls-files --stage -- README.md [17ms]
2025-04-26 05:59:11.806 [info] > git cat-file -s 1cc1184d596551281a98db64bde91578102f7944 [26ms]
2025-04-26 05:59:11.807 [info] > git show --textconv :README.md [49ms]
2025-04-26 05:59:27.559 [info] > git blame --root --incremental a3152be1bd344e912291b5ab07fd5f879c5ceae6 -- README.md [81ms]
