2025-04-26 06:04:26.296 [info] [main] Log level: Info
2025-04-26 06:04:26.298 [info] [main] Validating found git in: "git"
2025-04-26 06:04:26.299 [info] [main] Using git "2.39.5" from "git"
2025-04-26 06:04:26.300 [info] [Model][doInitialScan] Initial repository scan started
2025-04-26 06:04:26.301 [info] > git rev-parse --show-toplevel [38ms]
2025-04-26 06:04:26.310 [info] > git rev-parse --git-dir --git-common-dir [171ms]
2025-04-26 06:04:26.343 [info] [Model][openRepository] Opened repository: /home/coder/project/PythonMCP
2025-04-26 06:04:26.431 [info] > git rev-parse --show-toplevel [43ms]
2025-04-26 06:04:26.437 [info] [Model][doInitialScan] Initial repository scan completed - repositories (1), closed repositories (0), parent repositories (0), unsafe repositories (0)
2025-04-26 06:04:26.441 [info] > git config --get commit.template [71ms]
2025-04-26 06:04:26.635 [info] > git for-each-ref --format=%(refname)%00%(upstream:short)%00%(objectname)%00%(upstream:track)%00%(upstream:remotename)%00%(upstream:remoteref) refs/heads/1-initial refs/remotes/1-initial [173ms]
2025-04-26 06:04:26.830 [info] > git status -z -uall [178ms]
2025-04-26 06:04:26.836 [info] > git for-each-ref --sort -committerdate --format %(refname)%00%(objectname)%00%(*objectname) [180ms]
2025-04-26 06:04:26.888 [info] > git show --textconv :README.md [103ms]
2025-04-26 06:04:26.890 [info] > git ls-files --stage -- README.md [74ms]
2025-04-26 06:04:26.905 [info] > git config --get commit.template [14ms]
2025-04-26 06:04:26.970 [info] > git for-each-ref --format=%(refname)%00%(upstream:short)%00%(objectname)%00%(upstream:track)%00%(upstream:remotename)%00%(upstream:remoteref) refs/heads/1-initial refs/remotes/1-initial [91ms]
2025-04-26 06:04:26.974 [info] > git cat-file -s 1cc1184d596551281a98db64bde91578102f7944 [80ms]
2025-04-26 06:04:27.011 [info] > git check-ignore -v -z --stdin [46ms]
2025-04-26 06:04:27.012 [info] > git config --get --local branch.1-initial.vscode-merge-base [38ms]
2025-04-26 06:04:27.017 [info] > git for-each-ref --format=%(refname)%00%(upstream:short)%00%(objectname)%00%(upstream:track)%00%(upstream:remotename)%00%(upstream:remoteref) refs/heads/1-initial refs/remotes/1-initial [118ms]
2025-04-26 06:04:27.078 [info] > git for-each-ref --format=%(refname)%00%(upstream:short)%00%(objectname)%00%(upstream:track)%00%(upstream:remotename)%00%(upstream:remoteref) refs/heads/origin/1-initial refs/remotes/origin/1-initial [60ms]
2025-04-26 06:04:27.189 [info] > git status -z -uall [158ms]
2025-04-26 06:04:27.191 [info] > git merge-base refs/heads/1-initial refs/remotes/origin/1-initial [103ms]
2025-04-26 06:04:27.197 [info] > git blame --root --incremental a3152be1bd344e912291b5ab07fd5f879c5ceae6 -- README.md [152ms]
2025-04-26 06:04:27.203 [info] > git for-each-ref --sort -committerdate --format %(refname)%00%(objectname)%00%(*objectname) [166ms]
2025-04-26 06:04:27.253 [info] > git diff --name-status -z --diff-filter=ADMR a3152be1bd344e912291b5ab07fd5f879c5ceae6...refs/remotes/origin/1-initial [57ms]
2025-04-26 06:04:27.277 [info] > git merge-base refs/heads/1-initial refs/remotes/origin/1-initial [66ms]
2025-04-26 06:04:27.345 [info] > git diff --name-status -z --diff-filter=ADMR a3152be1bd344e912291b5ab07fd5f879c5ceae6...refs/remotes/origin/1-initial [57ms]
2025-04-26 06:04:27.615 [info] > git fetch [1272ms]
2025-04-26 06:04:27.615 [info] From https://github.com/kenchic/PythonMCP
   a3152be..b221bc9  1-initial  -> origin/1-initial
2025-04-26 06:04:27.630 [info] > git config --get commit.template [10ms]
2025-04-26 06:04:27.763 [info] > git for-each-ref --format=%(refname)%00%(upstream:short)%00%(objectname)%00%(upstream:track)%00%(upstream:remotename)%00%(upstream:remoteref) refs/heads/1-initial refs/remotes/1-initial [139ms]
2025-04-26 06:04:27.818 [info] > git for-each-ref --sort -committerdate --format %(refname)%00%(objectname)%00%(*objectname) [45ms]
2025-04-26 06:04:27.824 [info] > git status -z -uall [55ms]
2025-04-26 06:04:27.907 [info] > git merge-base refs/heads/1-initial refs/remotes/origin/1-initial [77ms]
2025-04-26 06:04:27.979 [info] > git diff --name-status -z --diff-filter=ADMR a3152be1bd344e912291b5ab07fd5f879c5ceae6...refs/remotes/origin/1-initial [69ms]
2025-04-26 06:04:28.893 [info] > git check-ignore -v -z --stdin [22ms]
2025-04-26 06:05:06.215 [info] > git log --format=%H%n%aN%n%aE%n%at%n%ct%n%P%n%D%n%B -z --shortstat --diff-merges=first-parent -n50 --skip=0 --topo-order --decorate=full --stdin [124ms]
2025-04-26 06:05:20.045 [info] > git add -A -- . [83ms]
2025-04-26 06:05:20.127 [info] > git -c user.useConfigOnly=true commit --quiet --allow-empty-message --file - [79ms]
2025-04-26 06:05:20.127 [info] Author identity unknown

*** Please tell me who you are.

Run

  git config --global user.email "you@example.com"
  git config --global user.name "Your Name"

to set your account's default identity.
Omit --global to set the identity only in this repository.

fatal: no email was given and auto-detection is disabled
2025-04-26 06:05:20.144 [info] > git config --get-all user.name [15ms]
2025-04-26 06:05:20.159 [info] > git config --get commit.template [11ms]
2025-04-26 06:05:20.244 [info] > git for-each-ref --format=%(refname)%00%(upstream:short)%00%(objectname)%00%(upstream:track)%00%(upstream:remotename)%00%(upstream:remoteref) refs/heads/1-initial refs/remotes/1-initial [94ms]
2025-04-26 06:05:20.297 [info] > git for-each-ref --sort -committerdate --format %(refname)%00%(objectname)%00%(*objectname) [45ms]
2025-04-26 06:05:20.313 [info] > git status -z -uall [64ms]
2025-04-26 06:05:20.747 [info] > git show --textconv :docker/Dockerfile [62ms]
2025-04-26 06:05:20.748 [info] > git show --textconv HEAD:docker/Dockerfile [60ms]
2025-04-26 06:05:20.751 [info] > git ls-tree -l HEAD -- docker/Dockerfile [58ms]
2025-04-26 06:05:20.755 [info] > git ls-files --stage -- docker/Dockerfile [64ms]
2025-04-26 06:05:20.763 [info] > git hash-object -t tree /dev/null [12ms]
2025-04-26 06:05:20.764 [warning] [GitFileSystemProvider][readFile] File not found - git:/home/coder/project/PythonMCP/docker/Dockerfile.git?%7B%22path%22%3A%22%2Fhome%2Fcoder%2Fproject%2FPythonMCP%2Fdocker%2FDockerfile%22%2C%22ref%22%3A%22HEAD%22%7D
2025-04-26 06:05:20.765 [info] > git hash-object -t tree /dev/null [11ms]
2025-04-26 06:05:20.766 [warning] [GitFileSystemProvider][stat] File not found - git:/home/coder/project/PythonMCP/docker/Dockerfile.git?%7B%22path%22%3A%22%2Fhome%2Fcoder%2Fproject%2FPythonMCP%2Fdocker%2FDockerfile%22%2C%22ref%22%3A%22HEAD%22%7D
2025-04-26 06:05:20.795 [info] > git cat-file -s 91ffc9995c1a19c88986f8bd5bd1730f2e37076a [36ms]
2025-04-26 06:05:34.838 [info] > git -c user.useConfigOnly=true commit --quiet --allow-empty-message --file - [76ms]
2025-04-26 06:05:34.838 [info] Author identity unknown

*** Please tell me who you are.

Run

  git config --global user.email "you@example.com"
  git config --global user.name "Your Name"

to set your account's default identity.
Omit --global to set the identity only in this repository.

fatal: no email was given and auto-detection is disabled
2025-04-26 06:05:34.862 [info] > git config --get-all user.name [21ms]
2025-04-26 06:05:34.883 [info] > git config --get commit.template [17ms]
2025-04-26 06:05:34.981 [info] > git for-each-ref --format=%(refname)%00%(upstream:short)%00%(objectname)%00%(upstream:track)%00%(upstream:remotename)%00%(upstream:remoteref) refs/heads/1-initial refs/remotes/1-initial [108ms]
2025-04-26 06:05:35.038 [info] > git for-each-ref --sort -committerdate --format %(refname)%00%(objectname)%00%(*objectname) [46ms]
2025-04-26 06:05:35.051 [info] > git status -z -uall [61ms]
2025-04-26 06:06:33.358 [info] > git -c user.useConfigOnly=true commit --quiet --allow-empty-message --file - [213ms]
2025-04-26 06:06:33.373 [info] > git config --get commit.template [11ms]
2025-04-26 06:06:33.387 [info] > git config --get commit.template [10ms]
2025-04-26 06:06:33.473 [info] > git for-each-ref --format=%(refname)%00%(upstream:short)%00%(objectname)%00%(upstream:track)%00%(upstream:remotename)%00%(upstream:remoteref) refs/heads/1-initial refs/remotes/1-initial [93ms]
2025-04-26 06:06:33.528 [info] > git for-each-ref --sort -committerdate --format %(refname)%00%(objectname)%00%(*objectname) [47ms]
2025-04-26 06:06:33.546 [info] > git status -z -uall [68ms]
2025-04-26 06:06:33.630 [info] > git merge-base refs/heads/1-initial refs/remotes/origin/1-initial [75ms]
2025-04-26 06:06:33.716 [info] > git diff --name-status -z --diff-filter=ADMR a3152be1bd344e912291b5ab07fd5f879c5ceae6...refs/remotes/origin/1-initial [77ms]
2025-04-26 06:06:33.758 [info] > git log --format=%H%n%aN%n%aE%n%at%n%ct%n%P%n%D%n%B -z --shortstat --diff-merges=first-parent -n50 --skip=0 --topo-order --decorate=full --stdin [170ms]
2025-04-26 06:06:34.393 [info] > git push origin 1-initial:1-initial [830ms]
2025-04-26 06:06:34.393 [info] To https://github.com/kenchic/PythonMCP.git
 ! [rejected]        1-initial -> 1-initial (non-fast-forward)
error: failed to push some refs to 'https://github.com/kenchic/PythonMCP.git'
hint: Updates were rejected because the tip of your current branch is behind
hint: its remote counterpart. Integrate the remote changes (e.g.
hint: 'git pull ...') before pushing again.
hint: See the 'Note about fast-forwards' in 'git push --help' for details.
2025-04-26 06:06:34.414 [info] > git config --get commit.template [13ms]
2025-04-26 06:06:34.506 [info] > git for-each-ref --format=%(refname)%00%(upstream:short)%00%(objectname)%00%(upstream:track)%00%(upstream:remotename)%00%(upstream:remoteref) refs/heads/1-initial refs/remotes/1-initial [99ms]
2025-04-26 06:06:34.557 [info] > git for-each-ref --sort -committerdate --format %(refname)%00%(objectname)%00%(*objectname) [43ms]
2025-04-26 06:06:34.574 [info] > git status -z -uall [63ms]
2025-04-26 06:06:34.651 [info] > git config --get commit.template [11ms]
2025-04-26 06:06:34.740 [info] > git for-each-ref --format=%(refname)%00%(upstream:short)%00%(objectname)%00%(upstream:track)%00%(upstream:remotename)%00%(upstream:remoteref) refs/heads/1-initial refs/remotes/1-initial [96ms]
2025-04-26 06:06:34.794 [info] > git for-each-ref --sort -committerdate --format %(refname)%00%(objectname)%00%(*objectname) [46ms]
2025-04-26 06:06:34.811 [info] > git status -z -uall [66ms]
2025-04-26 06:07:04.398 [info] > git config --get commit.template [15ms]
2025-04-26 06:07:04.497 [info] > git for-each-ref --format=%(refname)%00%(upstream:short)%00%(objectname)%00%(upstream:track)%00%(upstream:remotename)%00%(upstream:remoteref) refs/heads/1-initial refs/remotes/1-initial [110ms]
2025-04-26 06:07:04.558 [info] > git for-each-ref --sort -committerdate --format %(refname)%00%(objectname)%00%(*objectname) [52ms]
2025-04-26 06:07:04.572 [info] > git status -z -uall [68ms]
2025-04-26 06:07:07.100 [info] > git log --oneline --cherry 1-initial...1-initial@{upstream} -- [115ms]
2025-04-26 06:07:07.923 [info] > git pull --tags origin 1-initial [820ms]
2025-04-26 06:07:07.923 [info] From https://github.com/kenchic/PythonMCP
 * branch            1-initial  -> FETCH_HEAD
hint: You have divergent branches and need to specify how to reconcile them.
hint: You can do so by running one of the following commands sometime before
hint: your next pull:
hint: 
hint:   git config pull.rebase false  # merge
hint:   git config pull.rebase true   # rebase
hint:   git config pull.ff only       # fast-forward only
hint: 
hint: You can replace "git config" with "git config --global" to set a default
hint: preference for all repositories. You can also pass --rebase, --no-rebase,
hint: or --ff-only on the command line to override the configured default per
hint: invocation.
fatal: Need to specify how to reconcile divergent branches.
2025-04-26 06:07:07.941 [info] > git config --get commit.template [13ms]
2025-04-26 06:07:08.020 [info] > git for-each-ref --format=%(refname)%00%(upstream:short)%00%(objectname)%00%(upstream:track)%00%(upstream:remotename)%00%(upstream:remoteref) refs/heads/1-initial refs/remotes/1-initial [88ms]
2025-04-26 06:07:08.131 [info] > git for-each-ref --sort -committerdate --format %(refname)%00%(objectname)%00%(*objectname) [101ms]
2025-04-26 06:07:08.167 [info] > git status -z -uall [140ms]
2025-04-26 06:07:18.581 [info] > git log --oneline --cherry 1-initial...1-initial@{upstream} -- [197ms]
2025-04-26 06:07:19.314 [info] > git pull --tags origin 1-initial [730ms]
2025-04-26 06:07:19.314 [info] From https://github.com/kenchic/PythonMCP
 * branch            1-initial  -> FETCH_HEAD
hint: You have divergent branches and need to specify how to reconcile them.
hint: You can do so by running one of the following commands sometime before
hint: your next pull:
hint: 
hint:   git config pull.rebase false  # merge
hint:   git config pull.rebase true   # rebase
hint:   git config pull.ff only       # fast-forward only
hint: 
hint: You can replace "git config" with "git config --global" to set a default
hint: preference for all repositories. You can also pass --rebase, --no-rebase,
hint: or --ff-only on the command line to override the configured default per
hint: invocation.
fatal: Need to specify how to reconcile divergent branches.
2025-04-26 06:07:19.337 [info] > git config --get commit.template [17ms]
2025-04-26 06:07:19.435 [info] > git for-each-ref --format=%(refname)%00%(upstream:short)%00%(objectname)%00%(upstream:track)%00%(upstream:remotename)%00%(upstream:remoteref) refs/heads/1-initial refs/remotes/1-initial [112ms]
2025-04-26 06:07:19.498 [info] > git for-each-ref --sort -committerdate --format %(refname)%00%(objectname)%00%(*objectname) [54ms]
2025-04-26 06:07:19.519 [info] > git status -z -uall [79ms]
2025-04-26 06:07:28.525 [info] > git fetch [699ms]
2025-04-26 06:07:28.540 [info] > git config --get commit.template [11ms]
2025-04-26 06:07:28.624 [info] > git for-each-ref --format=%(refname)%00%(upstream:short)%00%(objectname)%00%(upstream:track)%00%(upstream:remotename)%00%(upstream:remoteref) refs/heads/1-initial refs/remotes/1-initial [90ms]
2025-04-26 06:07:28.680 [info] > git for-each-ref --sort -committerdate --format %(refname)%00%(objectname)%00%(*objectname) [48ms]
2025-04-26 06:07:28.699 [info] > git status -z -uall [69ms]
2025-04-26 06:07:35.156 [info] > git config --get commit.template [11ms]
2025-04-26 06:07:35.255 [info] > git for-each-ref --format=%(refname)%00%(upstream:short)%00%(objectname)%00%(upstream:track)%00%(upstream:remotename)%00%(upstream:remoteref) refs/heads/1-initial refs/remotes/1-initial [106ms]
2025-04-26 06:07:35.332 [info] > git for-each-ref --sort -committerdate --format %(refname)%00%(objectname)%00%(*objectname) [67ms]
2025-04-26 06:07:35.346 [info] > git status -z -uall [85ms]
2025-04-26 06:07:48.177 [info] > git log --oneline --cherry 1-initial...1-initial@{upstream} -- [129ms]
2025-04-26 06:07:49.040 [info] > git pull --tags origin 1-initial [860ms]
2025-04-26 06:07:49.040 [info] From https://github.com/kenchic/PythonMCP
 * branch            1-initial  -> FETCH_HEAD
hint: You have divergent branches and need to specify how to reconcile them.
hint: You can do so by running one of the following commands sometime before
hint: your next pull:
hint: 
hint:   git config pull.rebase false  # merge
hint:   git config pull.rebase true   # rebase
hint:   git config pull.ff only       # fast-forward only
hint: 
hint: You can replace "git config" with "git config --global" to set a default
hint: preference for all repositories. You can also pass --rebase, --no-rebase,
hint: or --ff-only on the command line to override the configured default per
hint: invocation.
fatal: Need to specify how to reconcile divergent branches.
2025-04-26 06:07:49.061 [info] > git config --get commit.template [15ms]
2025-04-26 06:07:49.176 [info] > git for-each-ref --format=%(refname)%00%(upstream:short)%00%(objectname)%00%(upstream:track)%00%(upstream:remotename)%00%(upstream:remoteref) refs/heads/1-initial refs/remotes/1-initial [127ms]
2025-04-26 06:07:49.234 [info] > git for-each-ref --sort -committerdate --format %(refname)%00%(objectname)%00%(*objectname) [49ms]
2025-04-26 06:07:49.253 [info] > git status -z -uall [71ms]
2025-04-26 06:07:59.394 [info] > git for-each-ref --sort -committerdate --format %(refname)%00%(objectname)%00%(*objectname)%00%(parent)%00%(*parent)%00%(authorname)%00%(*authorname)%00%(committerdate:unix)%00%(*committerdate:unix)%00%(subject)%00%(*subject)%00%(upstream:track) [115ms]
2025-04-26 06:08:03.017 [info] > git log --oneline --cherry 1-initial...1-initial@{upstream} -- [137ms]
2025-04-26 06:08:03.771 [info] > git pull --tags origin 1-initial [751ms]
2025-04-26 06:08:03.772 [info] From https://github.com/kenchic/PythonMCP
 * branch            1-initial  -> FETCH_HEAD
hint: You have divergent branches and need to specify how to reconcile them.
hint: You can do so by running one of the following commands sometime before
hint: your next pull:
hint: 
hint:   git config pull.rebase false  # merge
hint:   git config pull.rebase true   # rebase
hint:   git config pull.ff only       # fast-forward only
hint: 
hint: You can replace "git config" with "git config --global" to set a default
hint: preference for all repositories. You can also pass --rebase, --no-rebase,
hint: or --ff-only on the command line to override the configured default per
hint: invocation.
fatal: Need to specify how to reconcile divergent branches.
2025-04-26 06:08:03.792 [info] > git config --get commit.template [16ms]
2025-04-26 06:08:03.888 [info] > git for-each-ref --format=%(refname)%00%(upstream:short)%00%(objectname)%00%(upstream:track)%00%(upstream:remotename)%00%(upstream:remoteref) refs/heads/1-initial refs/remotes/1-initial [106ms]
2025-04-26 06:08:04.013 [info] > git for-each-ref --sort -committerdate --format %(refname)%00%(objectname)%00%(*objectname) [116ms]
2025-04-26 06:08:04.041 [info] > git status -z -uall [147ms]
2025-04-26 06:08:21.360 [info] > git log --oneline --cherry 1-initial...1-initial@{upstream} -- [125ms]
2025-04-26 06:08:22.110 [info] > git pull --tags origin 1-initial [747ms]
2025-04-26 06:08:22.110 [info] From https://github.com/kenchic/PythonMCP
 * branch            1-initial  -> FETCH_HEAD
hint: You have divergent branches and need to specify how to reconcile them.
hint: You can do so by running one of the following commands sometime before
hint: your next pull:
hint: 
hint:   git config pull.rebase false  # merge
hint:   git config pull.rebase true   # rebase
hint:   git config pull.ff only       # fast-forward only
hint: 
hint: You can replace "git config" with "git config --global" to set a default
hint: preference for all repositories. You can also pass --rebase, --no-rebase,
hint: or --ff-only on the command line to override the configured default per
hint: invocation.
fatal: Need to specify how to reconcile divergent branches.
2025-04-26 06:08:22.127 [info] > git config --get commit.template [11ms]
2025-04-26 06:08:22.224 [info] > git for-each-ref --format=%(refname)%00%(upstream:short)%00%(objectname)%00%(upstream:track)%00%(upstream:remotename)%00%(upstream:remoteref) refs/heads/1-initial refs/remotes/1-initial [105ms]
2025-04-26 06:08:22.278 [info] > git for-each-ref --sort -committerdate --format %(refname)%00%(objectname)%00%(*objectname) [46ms]
2025-04-26 06:08:22.309 [info] > git status -z -uall [79ms]
2025-04-26 06:08:43.166 [info] > git log --oneline --cherry 1-initial...1-initial@{upstream} -- [128ms]
2025-04-26 06:08:43.940 [info] > git pull --tags origin 1-initial [771ms]
2025-04-26 06:08:43.941 [info] From https://github.com/kenchic/PythonMCP
 * branch            1-initial  -> FETCH_HEAD
hint: You have divergent branches and need to specify how to reconcile them.
hint: You can do so by running one of the following commands sometime before
hint: your next pull:
hint: 
hint:   git config pull.rebase false  # merge
hint:   git config pull.rebase true   # rebase
hint:   git config pull.ff only       # fast-forward only
hint: 
hint: You can replace "git config" with "git config --global" to set a default
hint: preference for all repositories. You can also pass --rebase, --no-rebase,
hint: or --ff-only on the command line to override the configured default per
hint: invocation.
fatal: Need to specify how to reconcile divergent branches.
2025-04-26 06:08:43.962 [info] > git config --get commit.template [17ms]
2025-04-26 06:08:44.158 [info] > git for-each-ref --format=%(refname)%00%(upstream:short)%00%(objectname)%00%(upstream:track)%00%(upstream:remotename)%00%(upstream:remoteref) refs/heads/1-initial refs/remotes/1-initial [206ms]
2025-04-26 06:08:44.227 [info] > git for-each-ref --sort -committerdate --format %(refname)%00%(objectname)%00%(*objectname) [61ms]
2025-04-26 06:08:44.238 [info] > git status -z -uall [74ms]
2025-04-26 06:08:54.564 [info] > git log --oneline --cherry 1-initial...1-initial@{upstream} -- [168ms]
2025-04-26 06:08:55.321 [info] > git pull --tags origin 1-initial [754ms]
2025-04-26 06:08:55.322 [info] From https://github.com/kenchic/PythonMCP
 * branch            1-initial  -> FETCH_HEAD
hint: You have divergent branches and need to specify how to reconcile them.
hint: You can do so by running one of the following commands sometime before
hint: your next pull:
hint: 
hint:   git config pull.rebase false  # merge
hint:   git config pull.rebase true   # rebase
hint:   git config pull.ff only       # fast-forward only
hint: 
hint: You can replace "git config" with "git config --global" to set a default
hint: preference for all repositories. You can also pass --rebase, --no-rebase,
hint: or --ff-only on the command line to override the configured default per
hint: invocation.
fatal: Need to specify how to reconcile divergent branches.
2025-04-26 06:08:55.339 [info] > git config --get commit.template [13ms]
2025-04-26 06:08:55.435 [info] > git for-each-ref --format=%(refname)%00%(upstream:short)%00%(objectname)%00%(upstream:track)%00%(upstream:remotename)%00%(upstream:remoteref) refs/heads/1-initial refs/remotes/1-initial [106ms]
2025-04-26 06:08:55.489 [info] > git for-each-ref --sort -committerdate --format %(refname)%00%(objectname)%00%(*objectname) [46ms]
2025-04-26 06:08:55.503 [info] > git status -z -uall [61ms]
