2025-04-26 04:46:02.068 [info] [main] Log level: Info
2025-04-26 04:46:02.069 [info] [main] Validating found git in: "git"
2025-04-26 04:46:02.069 [info] [main] Using git "2.39.5" from "git"
2025-04-26 04:46:02.069 [info] [Model][doInitialScan] Initial repository scan started
2025-04-26 04:46:02.069 [info] > git rev-parse --show-toplevel [3ms]
2025-04-26 04:46:02.069 [info] fatal: not a git repository (or any of the parent directories): .git
2025-04-26 04:46:02.069 [info] > git rev-parse --show-toplevel [2ms]
2025-04-26 04:46:02.070 [info] fatal: not a git repository (or any of the parent directories): .git
2025-04-26 04:46:02.070 [info] > git rev-parse --show-toplevel [4ms]
2025-04-26 04:46:02.071 [info] fatal: not a git repository (or any of the parent directories): .git
2025-04-26 04:46:02.075 [info] > git rev-parse --show-toplevel [60ms]
2025-04-26 04:46:02.075 [info] fatal: not a git repository (or any of the parent directories): .git
2025-04-26 04:46:02.094 [info] > git rev-parse --show-toplevel [17ms]
2025-04-26 04:46:02.112 [info] > git rev-parse --git-dir --git-common-dir [15ms]
2025-04-26 04:46:02.130 [info] [Model][openRepository] Opened repository: /home/coder/project
2025-04-26 04:46:02.138 [info] [Model][doInitialScan] Initial repository scan completed - repositories (1), closed repositories (0), parent repositories (0), unsafe repositories (0)
2025-04-26 04:46:02.143 [info] [Git][getRemotes] No remotes found in the git config file
2025-04-26 04:46:02.161 [info] > git config --get commit.template [20ms]
2025-04-26 04:46:02.172 [info] > git for-each-ref --format=%(refname)%00%(upstream:short)%00%(objectname)%00%(upstream:track)%00%(upstream:remotename)%00%(upstream:remoteref) refs/heads/main refs/remotes/main [26ms]
2025-04-26 04:46:02.173 [warning] [Git][getBranch] No such branch: main
2025-04-26 04:46:02.204 [info] > git for-each-ref --sort -committerdate --format %(refname)%00%(objectname)%00%(*objectname) [22ms]
2025-04-26 04:46:02.215 [info] > git status -z -uall [37ms]
2025-04-26 04:46:02.250 [info] [Git][getRemotes] No remotes found in the git config file
2025-04-26 04:46:02.259 [info] > git config --get commit.template [19ms]
2025-04-26 04:46:02.269 [info] > git for-each-ref --format=%(refname)%00%(upstream:short)%00%(objectname)%00%(upstream:track)%00%(upstream:remotename)%00%(upstream:remoteref) refs/heads/main refs/remotes/main [47ms]
2025-04-26 04:46:02.270 [warning] [Git][getBranch] No such branch: main
2025-04-26 04:46:02.270 [error] [GitHistoryProvider][resolveHEADMergeBase] Failed to resolve merge base for main: Error: No such branch: main.
2025-04-26 04:46:02.306 [info] > git for-each-ref --format=%(refname)%00%(upstream:short)%00%(objectname)%00%(upstream:track)%00%(upstream:remotename)%00%(upstream:remoteref) refs/heads/main refs/remotes/main [58ms]
2025-04-26 04:46:02.306 [warning] [Git][getBranch] No such branch: main
2025-04-26 04:46:02.330 [info] > git for-each-ref --sort -committerdate --format %(refname)%00%(objectname)%00%(*objectname) [20ms]
2025-04-26 04:46:02.346 [info] > git status -z -uall [38ms]
2025-04-26 04:46:02.684 [info] > git rev-parse --show-toplevel [0ms]
2025-04-26 04:46:02.684 [info] fatal: not a git repository (or any of the parent directories): .git
2025-04-26 04:46:02.786 [info] > git check-ignore -v -z --stdin [117ms]
