2025-04-28 13:44:44.101 [info] [main] Log level: Info
2025-04-28 13:44:44.101 [info] [main] Validating found git in: "git"
2025-04-28 13:44:44.102 [info] [main] Using git "2.39.5" from "git"
2025-04-28 13:44:44.102 [info] [Model][doInitialScan] Initial repository scan started
2025-04-28 13:44:44.577 [info] > git rev-parse --show-toplevel [534ms]
2025-04-28 13:44:44.920 [info] > git rev-parse --git-dir --git-common-dir [248ms]
2025-04-28 13:44:44.953 [info] [Model][openRepository] Opened repository: /home/coder/project/PythonMCP
2025-04-28 13:44:45.235 [info] > git rev-parse --show-toplevel [249ms]
2025-04-28 13:44:45.252 [info] [Model][doInitialScan] Initial repository scan completed - repositories (1), closed repositories (0), parent repositories (0), unsafe repositories (0)
2025-04-28 13:44:45.270 [info] > git config --get commit.template [287ms]
2025-04-28 13:44:45.422 [info] > git ls-files --stage -- README.md [123ms]
2025-04-28 13:44:45.593 [info] > git check-ignore -v -z --stdin [63ms]
2025-04-28 13:44:45.596 [info] > git cat-file -s dc55623dc4269901bce3b9bd149b96b5aea7c0aa [171ms]
2025-04-28 13:44:45.609 [info] > git show --textconv :README.md [319ms]
2025-04-28 13:44:45.784 [info] > git for-each-ref --format=%(refname)%00%(upstream:short)%00%(objectname)%00%(upstream:track)%00%(upstream:remotename)%00%(upstream:remoteref) refs/heads/1-initial refs/remotes/1-initial [759ms]
2025-04-28 13:44:45.892 [info] > git for-each-ref --sort -committerdate --format %(refname)%00%(objectname)%00%(*objectname) [92ms]
2025-04-28 13:44:45.913 [info] > git status -z -uall [122ms]
2025-04-28 13:44:46.105 [info] > git config --get commit.template [90ms]
2025-04-28 13:44:46.435 [info] > git for-each-ref --format=%(refname)%00%(upstream:short)%00%(objectname)%00%(upstream:track)%00%(upstream:remotename)%00%(upstream:remoteref) refs/heads/1-initial refs/remotes/1-initial [437ms]
2025-04-28 13:44:46.465 [info] > git config --get --local branch.1-initial.vscode-merge-base [17ms]
2025-04-28 13:44:46.593 [info] > git for-each-ref --format=%(refname)%00%(upstream:short)%00%(objectname)%00%(upstream:track)%00%(upstream:remotename)%00%(upstream:remoteref) refs/heads/1-initial refs/remotes/1-initial [422ms]
2025-04-28 13:44:46.619 [info] > git blame --root --incremental 7912cfb9f389746d5912fbf454efdfd7ca675463 -- README.md [443ms]
2025-04-28 13:44:46.884 [info] > git for-each-ref --format=%(refname)%00%(upstream:short)%00%(objectname)%00%(upstream:track)%00%(upstream:remotename)%00%(upstream:remoteref) refs/heads/origin/1-initial refs/remotes/origin/1-initial [415ms]
2025-04-28 13:44:47.538 [info] > git for-each-ref --sort -committerdate --format %(refname)%00%(objectname)%00%(*objectname) [636ms]
2025-04-28 13:44:47.698 [info] > git status -z -uall [798ms]
2025-04-28 13:44:47.715 [info] > git merge-base refs/heads/1-initial refs/remotes/origin/1-initial [821ms]
2025-04-28 13:44:47.859 [info] > git diff --name-status -z --diff-filter=ADMR a3152be1bd344e912291b5ab07fd5f879c5ceae6...refs/remotes/origin/1-initial [141ms]
2025-04-28 13:44:47.903 [info] > git merge-base refs/heads/1-initial refs/remotes/origin/1-initial [196ms]
2025-04-28 13:44:48.059 [info] > git diff --name-status -z --diff-filter=ADMR a3152be1bd344e912291b5ab07fd5f879c5ceae6...refs/remotes/origin/1-initial [151ms]
2025-04-28 14:01:53.380 [info] > git fetch [2728ms]
2025-04-28 14:01:53.428 [info] > git config --get commit.template [39ms]
2025-04-28 14:01:53.629 [info] > git for-each-ref --format=%(refname)%00%(upstream:short)%00%(objectname)%00%(upstream:track)%00%(upstream:remotename)%00%(upstream:remoteref) refs/heads/1-initial refs/remotes/1-initial [225ms]
2025-04-28 14:01:53.762 [info] > git for-each-ref --sort -committerdate --format %(refname)%00%(objectname)%00%(*objectname) [119ms]
2025-04-28 14:01:53.791 [info] > git status -z -uall [150ms]
2025-04-28 14:01:55.347 [info] > git log --format=%H%n%aN%n%aE%n%at%n%ct%n%P%n%D%n%B -z --shortstat --diff-merges=first-parent -n50 --skip=0 --topo-order --decorate=full --stdin [536ms]
2025-04-28 14:01:58.950 [info] > git log --oneline --cherry 1-initial...1-initial@{upstream} -- [254ms]
2025-04-28 14:02:00.104 [info] > git pull --tags origin 1-initial [1150ms]
2025-04-28 14:02:00.105 [info] From https://github.com/kenchic/PythonMCP
 * branch            1-initial  -> FETCH_HEAD
hint: You have divergent branches and need to specify how to reconcile them.
hint: You can do so by running one of the following commands sometime before
hint: your next pull:
hint: 
hint:   git config pull.rebase false  # merge
hint:   git config pull.rebase true   # rebase
hint:   git config pull.ff only       # fast-forward only
hint: 
hint: You can replace "git config" with "git config --global" to set a default
hint: preference for all repositories. You can also pass --rebase, --no-rebase,
hint: or --ff-only on the command line to override the configured default per
hint: invocation.
fatal: Need to specify how to reconcile divergent branches.
2025-04-28 14:02:00.168 [info] > git config --get commit.template [36ms]
2025-04-28 14:02:00.806 [info] > git for-each-ref --format=%(refname)%00%(upstream:short)%00%(objectname)%00%(upstream:track)%00%(upstream:remotename)%00%(upstream:remoteref) refs/heads/1-initial refs/remotes/1-initial [669ms]
2025-04-28 14:02:01.061 [info] > git for-each-ref --sort -committerdate --format %(refname)%00%(objectname)%00%(*objectname) [225ms]
2025-04-28 14:02:01.079 [info] > git status -z -uall [245ms]
2025-04-28 14:04:39.074 [info] > git diff-tree -r --name-status -z --diff-filter=ADMR --find-renames=50% a3152be1bd344e912291b5ab07fd5f879c5ceae6 5835fcc945cd480aa70016b4b07a0f878c219000 [111ms]
2025-04-28 14:04:39.275 [info] > git ls-tree -l a3152be1bd344e912291b5ab07fd5f879c5ceae6 -- README.md [144ms]
2025-04-28 14:04:39.371 [info] > git ls-tree -l 5835fcc945cd480aa70016b4b07a0f878c219000 -- README.md [238ms]
2025-04-28 14:04:39.386 [info] > git show --textconv 5835fcc945cd480aa70016b4b07a0f878c219000:README.md [258ms]
2025-04-28 14:04:39.392 [info] > git show --textconv a3152be1bd344e912291b5ab07fd5f879c5ceae6:README.md [267ms]
2025-04-28 14:04:39.734 [info] > git check-ignore -v -z --stdin [95ms]
2025-04-28 14:04:41.218 [info] > git for-each-ref --sort -committerdate --format %(refname)%00%(objectname)%00%(*objectname) [84ms]
2025-04-28 14:04:47.965 [info] > git fetch --all [985ms]
2025-04-28 14:04:48.007 [info] > git config --get commit.template [38ms]
2025-04-28 14:04:48.255 [info] > git for-each-ref --format=%(refname)%00%(upstream:short)%00%(objectname)%00%(upstream:track)%00%(upstream:remotename)%00%(upstream:remoteref) refs/heads/1-initial refs/remotes/1-initial [282ms]
2025-04-28 14:04:48.456 [info] > git for-each-ref --sort -committerdate --format %(refname)%00%(objectname)%00%(*objectname) [149ms]
2025-04-28 14:04:48.554 [info] > git status -z -uall [250ms]
2025-04-28 14:04:50.947 [info] > git for-each-ref --format=%(refname)%00%(upstream:short)%00%(objectname)%00%(upstream:track)%00%(upstream:remotename)%00%(upstream:remoteref) refs/remotes/origin/1-initial [80ms]
2025-04-28 14:04:51.320 [info] > git log --oneline --cherry 1-initial...1-initial@{upstream} -- [368ms]
2025-04-28 14:04:52.227 [info] > git pull --tags origin 1-initial [904ms]
2025-04-28 14:04:52.228 [info] From https://github.com/kenchic/PythonMCP
 * branch            1-initial  -> FETCH_HEAD
hint: You have divergent branches and need to specify how to reconcile them.
hint: You can do so by running one of the following commands sometime before
hint: your next pull:
hint: 
hint:   git config pull.rebase false  # merge
hint:   git config pull.rebase true   # rebase
hint:   git config pull.ff only       # fast-forward only
hint: 
hint: You can replace "git config" with "git config --global" to set a default
hint: preference for all repositories. You can also pass --rebase, --no-rebase,
hint: or --ff-only on the command line to override the configured default per
hint: invocation.
fatal: Need to specify how to reconcile divergent branches.
2025-04-28 14:04:52.293 [info] > git config --get commit.template [60ms]
2025-04-28 14:04:52.431 [info] > git for-each-ref --format=%(refname)%00%(upstream:short)%00%(objectname)%00%(upstream:track)%00%(upstream:remotename)%00%(upstream:remoteref) refs/heads/1-initial refs/remotes/1-initial [193ms]
2025-04-28 14:04:52.551 [info] > git for-each-ref --sort -committerdate --format %(refname)%00%(objectname)%00%(*objectname) [96ms]
2025-04-28 14:04:52.575 [info] > git status -z -uall [124ms]
2025-04-28 14:04:54.758 [info] > git fetch [968ms]
2025-04-28 14:04:54.776 [info] > git config --get commit.template [11ms]
2025-04-28 14:04:54.950 [info] > git for-each-ref --format=%(refname)%00%(upstream:short)%00%(objectname)%00%(upstream:track)%00%(upstream:remotename)%00%(upstream:remoteref) refs/heads/1-initial refs/remotes/1-initial [182ms]
2025-04-28 14:04:55.125 [info] > git for-each-ref --sort -committerdate --format %(refname)%00%(objectname)%00%(*objectname) [161ms]
2025-04-28 14:04:55.289 [info] > git status -z -uall [328ms]
2025-04-28 14:05:03.855 [info] > git for-each-ref --format=%(refname)%00%(upstream:short)%00%(objectname)%00%(upstream:track)%00%(upstream:remotename)%00%(upstream:remoteref) refs/remotes/origin/1-initial [75ms]
2025-04-28 14:05:04.167 [info] > git log --oneline --cherry 1-initial...1-initial@{upstream} -- [308ms]
2025-04-28 14:05:05.361 [info] > git pull --tags origin 1-initial [1192ms]
2025-04-28 14:05:05.362 [info] From https://github.com/kenchic/PythonMCP
 * branch            1-initial  -> FETCH_HEAD
hint: You have divergent branches and need to specify how to reconcile them.
hint: You can do so by running one of the following commands sometime before
hint: your next pull:
hint: 
hint:   git config pull.rebase false  # merge
hint:   git config pull.rebase true   # rebase
hint:   git config pull.ff only       # fast-forward only
hint: 
hint: You can replace "git config" with "git config --global" to set a default
hint: preference for all repositories. You can also pass --rebase, --no-rebase,
hint: or --ff-only on the command line to override the configured default per
hint: invocation.
fatal: Need to specify how to reconcile divergent branches.
2025-04-28 14:05:05.460 [info] > git config --get commit.template [83ms]
2025-04-28 14:05:05.581 [info] > git for-each-ref --format=%(refname)%00%(upstream:short)%00%(objectname)%00%(upstream:track)%00%(upstream:remotename)%00%(upstream:remoteref) refs/heads/1-initial refs/remotes/1-initial [172ms]
2025-04-28 14:05:05.754 [info] > git for-each-ref --sort -committerdate --format %(refname)%00%(objectname)%00%(*objectname) [165ms]
2025-04-28 14:05:05.762 [info] > git status -z -uall [176ms]
2025-04-28 14:05:40.356 [info] > git blame --root --incremental 5835fcc945cd480aa70016b4b07a0f878c219000 -- README.md [155ms]
2025-04-28 14:06:27.908 [info] > git ls-tree -l a3152be1bd344e912291b5ab07fd5f879c5ceae6 -- README.md [220ms]
2025-04-28 14:06:27.914 [info] > git ls-tree -l 5835fcc945cd480aa70016b4b07a0f878c219000 -- README.md [224ms]
2025-04-28 14:07:05.183 [info] > git ls-tree -l 5835fcc945cd480aa70016b4b07a0f878c219000 -- README.md [224ms]
2025-04-28 14:07:05.184 [info] > git ls-tree -l a3152be1bd344e912291b5ab07fd5f879c5ceae6 -- README.md [227ms]
2025-04-28 14:07:07.853 [info] > git ls-tree -l 5835fcc945cd480aa70016b4b07a0f878c219000 -- README.md [88ms]
2025-04-28 14:07:07.879 [info] > git ls-tree -l a3152be1bd344e912291b5ab07fd5f879c5ceae6 -- README.md [117ms]
2025-04-28 14:09:44.972 [info] > git ls-tree -l 5835fcc945cd480aa70016b4b07a0f878c219000 -- README.md [178ms]
2025-04-28 14:09:44.974 [info] > git ls-tree -l a3152be1bd344e912291b5ab07fd5f879c5ceae6 -- README.md [182ms]
2025-04-28 14:09:45.825 [info] > git fetch [1028ms]
2025-04-28 14:09:45.917 [info] > git config --get commit.template [73ms]
2025-04-28 14:09:46.066 [info] > git for-each-ref --format=%(refname)%00%(upstream:short)%00%(objectname)%00%(upstream:track)%00%(upstream:remotename)%00%(upstream:remoteref) refs/heads/1-initial refs/remotes/1-initial [207ms]
2025-04-28 14:09:46.216 [info] > git for-each-ref --sort -committerdate --format %(refname)%00%(objectname)%00%(*objectname) [126ms]
2025-04-28 14:09:46.237 [info] > git status -z -uall [149ms]
2025-04-28 14:11:27.744 [info] > git ls-tree -l a3152be1bd344e912291b5ab07fd5f879c5ceae6 -- README.md [159ms]
2025-04-28 14:11:27.745 [info] > git ls-tree -l 5835fcc945cd480aa70016b4b07a0f878c219000 -- README.md [157ms]
2025-04-28 14:13:23.089 [info] > git ls-tree -l 5835fcc945cd480aa70016b4b07a0f878c219000 -- README.md [222ms]
2025-04-28 14:13:23.105 [info] > git ls-tree -l a3152be1bd344e912291b5ab07fd5f879c5ceae6 -- README.md [241ms]
2025-04-28 14:13:24.082 [info] > git fetch [1212ms]
2025-04-28 14:13:24.123 [info] > git config --get commit.template [27ms]
2025-04-28 14:13:24.303 [info] > git for-each-ref --format=%(refname)%00%(upstream:short)%00%(objectname)%00%(upstream:track)%00%(upstream:remotename)%00%(upstream:remoteref) refs/heads/1-initial refs/remotes/1-initial [203ms]
2025-04-28 14:13:24.430 [info] > git for-each-ref --sort -committerdate --format %(refname)%00%(objectname)%00%(*objectname) [116ms]
2025-04-28 14:13:24.454 [info] > git status -z -uall [143ms]
2025-04-28 14:13:27.223 [info] > git ls-tree -l a3152be1bd344e912291b5ab07fd5f879c5ceae6 -- README.md [104ms]
2025-04-28 14:13:27.224 [info] > git ls-tree -l 5835fcc945cd480aa70016b4b07a0f878c219000 -- README.md [102ms]
2025-04-28 14:14:06.391 [info] > git ls-tree -l 5835fcc945cd480aa70016b4b07a0f878c219000 -- README.md [283ms]
2025-04-28 14:14:06.400 [info] > git ls-tree -l a3152be1bd344e912291b5ab07fd5f879c5ceae6 -- README.md [294ms]
2025-04-28 14:14:09.212 [info] > git ls-tree -l a3152be1bd344e912291b5ab07fd5f879c5ceae6 -- README.md [323ms]
2025-04-28 14:14:09.323 [info] > git ls-tree -l 5835fcc945cd480aa70016b4b07a0f878c219000 -- README.md [429ms]
2025-04-28 14:16:04.727 [info] > git ls-tree -l a3152be1bd344e912291b5ab07fd5f879c5ceae6 -- README.md [304ms]
2025-04-28 14:16:04.746 [info] > git ls-tree -l 5835fcc945cd480aa70016b4b07a0f878c219000 -- README.md [320ms]
2025-04-28 14:16:25.480 [info] > git fetch [1026ms]
2025-04-28 14:16:25.556 [info] > git config --get commit.template [69ms]
2025-04-28 14:16:25.696 [info] > git for-each-ref --format=%(refname)%00%(upstream:short)%00%(objectname)%00%(upstream:track)%00%(upstream:remotename)%00%(upstream:remoteref) refs/heads/1-initial refs/remotes/1-initial [196ms]
2025-04-28 14:16:25.806 [info] > git for-each-ref --sort -committerdate --format %(refname)%00%(objectname)%00%(*objectname) [100ms]
2025-04-28 14:16:25.823 [info] > git status -z -uall [119ms]
2025-04-28 14:16:30.327 [info] > git ls-files --stage -- README.md [31ms]
2025-04-28 14:16:30.418 [info] > git show --textconv :README.md [124ms]
2025-04-28 14:16:30.419 [info] > git cat-file -s dc55623dc4269901bce3b9bd149b96b5aea7c0aa [90ms]
2025-04-28 14:16:43.890 [info] > git fetch --all [885ms]
2025-04-28 14:16:43.938 [info] > git config --get commit.template [33ms]
2025-04-28 14:16:44.109 [info] > git for-each-ref --format=%(refname)%00%(upstream:short)%00%(objectname)%00%(upstream:track)%00%(upstream:remotename)%00%(upstream:remoteref) refs/heads/1-initial refs/remotes/1-initial [189ms]
2025-04-28 14:16:44.239 [info] > git for-each-ref --sort -committerdate --format %(refname)%00%(objectname)%00%(*objectname) [122ms]
2025-04-28 14:16:44.286 [info] > git status -z -uall [172ms]
2025-04-28 14:16:46.865 [info] > git for-each-ref --format=%(refname)%00%(upstream:short)%00%(objectname)%00%(upstream:track)%00%(upstream:remotename)%00%(upstream:remoteref) refs/remotes/origin/1-initial [54ms]
2025-04-28 14:16:47.223 [info] > git log --oneline --cherry 1-initial...1-initial@{upstream} -- [352ms]
2025-04-28 14:16:48.215 [info] > git pull --tags origin 1-initial [984ms]
2025-04-28 14:16:48.216 [info] From https://github.com/kenchic/PythonMCP
 * branch            1-initial  -> FETCH_HEAD
hint: You have divergent branches and need to specify how to reconcile them.
hint: You can do so by running one of the following commands sometime before
hint: your next pull:
hint: 
hint:   git config pull.rebase false  # merge
hint:   git config pull.rebase true   # rebase
hint:   git config pull.ff only       # fast-forward only
hint: 
hint: You can replace "git config" with "git config --global" to set a default
hint: preference for all repositories. You can also pass --rebase, --no-rebase,
hint: or --ff-only on the command line to override the configured default per
hint: invocation.
fatal: Need to specify how to reconcile divergent branches.
2025-04-28 14:16:48.247 [info] > git config --get commit.template [26ms]
2025-04-28 14:16:48.391 [info] > git for-each-ref --format=%(refname)%00%(upstream:short)%00%(objectname)%00%(upstream:track)%00%(upstream:remotename)%00%(upstream:remoteref) refs/heads/1-initial refs/remotes/1-initial [165ms]
2025-04-28 14:16:48.489 [info] > git for-each-ref --sort -committerdate --format %(refname)%00%(objectname)%00%(*objectname) [90ms]
2025-04-28 14:16:48.513 [info] > git status -z -uall [117ms]
2025-04-28 14:24:01.078 [info] > git ls-tree -l a3152be1bd344e912291b5ab07fd5f879c5ceae6 -- README.md [240ms]
2025-04-28 14:24:01.091 [info] > git ls-tree -l 5835fcc945cd480aa70016b4b07a0f878c219000 -- README.md [251ms]
2025-04-28 14:24:02.129 [info] > git fetch [1286ms]
2025-04-28 14:24:02.166 [info] > git config --get commit.template [29ms]
2025-04-28 14:24:02.335 [info] > git for-each-ref --format=%(refname)%00%(upstream:short)%00%(objectname)%00%(upstream:track)%00%(upstream:remotename)%00%(upstream:remoteref) refs/heads/1-initial refs/remotes/1-initial [179ms]
2025-04-28 14:24:02.439 [info] > git for-each-ref --sort -committerdate --format %(refname)%00%(objectname)%00%(*objectname) [92ms]
2025-04-28 14:24:02.480 [info] > git status -z -uall [136ms]
2025-04-28 14:25:59.885 [info] > git ls-tree -l 5835fcc945cd480aa70016b4b07a0f878c219000 -- README.md [109ms]
2025-04-28 14:25:59.902 [info] > git ls-tree -l a3152be1bd344e912291b5ab07fd5f879c5ceae6 -- README.md [129ms]
2025-04-28 16:15:39.226 [info] > git ls-tree -l a3152be1bd344e912291b5ab07fd5f879c5ceae6 -- README.md [288ms]
2025-04-28 16:15:39.228 [info] > git ls-tree -l 5835fcc945cd480aa70016b4b07a0f878c219000 -- README.md [288ms]
2025-04-28 16:15:40.647 [info] > git fetch [1704ms]
2025-04-28 16:15:40.683 [info] > git config --get commit.template [13ms]
2025-04-28 16:15:41.119 [info] > git for-each-ref --format=%(refname)%00%(upstream:short)%00%(objectname)%00%(upstream:track)%00%(upstream:remotename)%00%(upstream:remoteref) refs/heads/1-initial refs/remotes/1-initial [442ms]
2025-04-28 16:15:41.216 [info] > git for-each-ref --sort -committerdate --format %(refname)%00%(objectname)%00%(*objectname) [89ms]
2025-04-28 16:15:41.264 [info] > git status -z -uall [139ms]
