2025-04-26 04:47:36.082 [info] [main] Log level: Info
2025-04-26 04:47:36.083 [info] [main] Validating found git in: "git"
2025-04-26 04:47:36.083 [info] [main] Using git "2.39.5" from "git"
2025-04-26 04:47:36.083 [info] [Model][doInitialScan] Initial repository scan started
2025-04-26 04:47:36.083 [info] > git rev-parse --show-toplevel [57ms]
2025-04-26 04:47:36.092 [info] > git rev-parse --git-dir --git-common-dir [17ms]
2025-04-26 04:47:36.108 [info] [Model][openRepository] Opened repository: /home/coder/project
2025-04-26 04:47:36.115 [info] [Model][doInitialScan] Initial repository scan completed - repositories (1), closed repositories (0), parent repositories (0), unsafe repositories (0)
2025-04-26 04:47:36.128 [info] [Git][getRemotes] No remotes found in the git config file
2025-04-26 04:47:36.138 [info] > git config --get commit.template [19ms]
2025-04-26 04:47:36.160 [info] > git for-each-ref --format=%(refname)%00%(upstream:short)%00%(objectname)%00%(upstream:track)%00%(upstream:remotename)%00%(upstream:remoteref) refs/heads/main refs/remotes/main [28ms]
2025-04-26 04:47:36.160 [warning] [Git][getBranch] No such branch: main
2025-04-26 04:47:36.188 [info] > git for-each-ref --sort -committerdate --format %(refname)%00%(objectname)%00%(*objectname) [22ms]
2025-04-26 04:47:36.194 [info] > git status -z -uall [31ms]
2025-04-26 04:47:36.210 [info] [Git][getRemotes] No remotes found in the git config file
2025-04-26 04:47:36.218 [info] > git config --get commit.template [12ms]
2025-04-26 04:47:36.224 [info] > git for-each-ref --format=%(refname)%00%(upstream:short)%00%(objectname)%00%(upstream:track)%00%(upstream:remotename)%00%(upstream:remoteref) refs/heads/main refs/remotes/main [23ms]
2025-04-26 04:47:36.224 [warning] [Git][getBranch] No such branch: main
2025-04-26 04:47:36.225 [error] [GitHistoryProvider][resolveHEADMergeBase] Failed to resolve merge base for main: Error: No such branch: main.
2025-04-26 04:47:36.235 [info] > git for-each-ref --format=%(refname)%00%(upstream:short)%00%(objectname)%00%(upstream:track)%00%(upstream:remotename)%00%(upstream:remoteref) refs/heads/main refs/remotes/main [25ms]
2025-04-26 04:47:36.235 [warning] [Git][getBranch] No such branch: main
2025-04-26 04:47:36.263 [info] > git for-each-ref --sort -committerdate --format %(refname)%00%(objectname)%00%(*objectname) [24ms]
2025-04-26 04:47:36.286 [info] > git status -z -uall [49ms]
2025-04-26 04:47:42.929 [info] > git log --format=%H%n%aN%n%aE%n%at%n%ct%n%P%n%D%n%B -z --shortstat --diff-merges=first-parent -n50 --skip=0 --topo-order --decorate=full --stdin [29ms]
2025-04-26 04:47:42.929 [info] fatal: bad revision 'refs/heads/main'
2025-04-26 04:47:42.930 [error] [GitHistoryProvider][provideHistoryItems] Failed to get history items with options '{"historyItemRefs":["refs/heads/main"],"limit":50,"skip":0}': Failed to execute git {
  "exitCode": 128,
  "gitCommand": "log",
  "stdout": "",
  "stderr": "fatal: bad revision 'refs/heads/main'\n"
}
2025-04-26 04:47:50.187 [info] > git for-each-ref --sort -committerdate --format %(refname)%00%(objectname)%00%(*objectname)%00%(parent)%00%(*parent)%00%(authorname)%00%(*authorname)%00%(committerdate:unix)%00%(*committerdate:unix)%00%(subject)%00%(*subject)%00%(upstream:track) [51ms]
2025-04-26 04:48:00.390 [info] > git checkout -q -b initial --no-track HEAD [34ms]
2025-04-26 04:48:00.390 [info] fatal: 'HEAD' is not a commit and a branch 'initial' cannot be created from it
2025-04-26 04:48:00.395 [info] [Git][getRemotes] No remotes found in the git config file
2025-04-26 04:48:00.403 [info] > git config --get commit.template [9ms]
2025-04-26 04:48:00.415 [info] > git for-each-ref --format=%(refname)%00%(upstream:short)%00%(objectname)%00%(upstream:track)%00%(upstream:remotename)%00%(upstream:remoteref) refs/heads/main refs/remotes/main [18ms]
2025-04-26 04:48:00.415 [warning] [Git][getBranch] No such branch: main
2025-04-26 04:48:00.441 [info] > git for-each-ref --sort -committerdate --format %(refname)%00%(objectname)%00%(*objectname) [21ms]
2025-04-26 04:48:00.446 [info] > git status -z -uall [29ms]
2025-04-26 04:49:08.092 [info] > git log --format=%H%n%aN%n%aE%n%at%n%ct%n%P%n%D%n%B -z --shortstat --diff-merges=first-parent -n50 --skip=0 --topo-order --decorate=full --stdin [31ms]
2025-04-26 04:49:08.092 [info] fatal: bad revision 'refs/heads/main'
2025-04-26 04:49:08.093 [error] [GitHistoryProvider][provideHistoryItems] Failed to get history items with options '{"historyItemRefs":["refs/heads/main"],"limit":50,"skip":0}': Failed to execute git {
  "exitCode": 128,
  "gitCommand": "log",
  "stdout": "",
  "stderr": "fatal: bad revision 'refs/heads/main'\n"
}
2025-04-26 04:49:16.883 [info] > git for-each-ref --sort -committerdate --format %(refname)%00%(objectname)%00%(*objectname)%00%(parent)%00%(*parent)%00%(authorname)%00%(*authorname)%00%(committerdate:unix)%00%(*committerdate:unix)%00%(subject)%00%(*subject)%00%(upstream:track) [38ms]
2025-04-26 04:49:20.137 [info] > git for-each-ref --sort -committerdate --format %(refname)%00%(objectname)%00%(*objectname)%00%(parent)%00%(*parent)%00%(authorname)%00%(*authorname)%00%(committerdate:unix)%00%(*committerdate:unix)%00%(subject)%00%(*subject)%00%(upstream:track) [30ms]
2025-04-26 04:56:53.500 [info] > git log --format=%H%n%aN%n%aE%n%at%n%ct%n%P%n%D%n%B -z --shortstat --diff-merges=first-parent -n50 --skip=0 --topo-order --decorate=full --stdin [28ms]
2025-04-26 04:56:53.500 [info] fatal: bad revision 'refs/heads/main'
2025-04-26 04:56:53.501 [error] [GitHistoryProvider][provideHistoryItems] Failed to get history items with options '{"historyItemRefs":["refs/heads/main"],"limit":50,"skip":0}': Failed to execute git {
  "exitCode": 128,
  "gitCommand": "log",
  "stdout": "",
  "stderr": "fatal: bad revision 'refs/heads/main'\n"
}
2025-04-26 04:59:41.295 [info] > git for-each-ref --sort -committerdate --format %(refname)%00%(objectname)%00%(*objectname)%00%(parent)%00%(*parent)%00%(authorname)%00%(*authorname)%00%(committerdate:unix)%00%(*committerdate:unix)%00%(subject)%00%(*subject)%00%(upstream:track) [33ms]
2025-04-26 04:59:44.016 [info] > git for-each-ref --sort -committerdate --format %(refname)%00%(objectname)%00%(*objectname)%00%(parent)%00%(*parent)%00%(authorname)%00%(*authorname)%00%(committerdate:unix)%00%(*committerdate:unix)%00%(subject)%00%(*subject)%00%(upstream:track) [36ms]
2025-04-26 05:05:35.847 [info] > git log --format=%H%n%aN%n%aE%n%at%n%ct%n%P%n%D%n%B -z --shortstat --diff-merges=first-parent -n50 --skip=0 --topo-order --decorate=full --stdin [26ms]
2025-04-26 05:05:35.847 [info] fatal: bad revision 'refs/heads/main'
2025-04-26 05:05:35.847 [error] [GitHistoryProvider][provideHistoryItems] Failed to get history items with options '{"historyItemRefs":["refs/heads/main"],"limit":50,"skip":0}': Failed to execute git {
  "exitCode": 128,
  "gitCommand": "log",
  "stdout": "",
  "stderr": "fatal: bad revision 'refs/heads/main'\n"
}
2025-04-26 05:05:38.730 [info] > git for-each-ref --sort -committerdate --format %(refname)%00%(objectname)%00%(*objectname)%00%(parent)%00%(*parent)%00%(authorname)%00%(*authorname)%00%(committerdate:unix)%00%(*committerdate:unix)%00%(subject)%00%(*subject)%00%(upstream:track) [50ms]
2025-04-26 05:05:40.811 [info] > git for-each-ref --sort -committerdate --format %(refname)%00%(objectname)%00%(*objectname)%00%(parent)%00%(*parent)%00%(authorname)%00%(*authorname)%00%(committerdate:unix)%00%(*committerdate:unix)%00%(subject)%00%(*subject)%00%(upstream:track) [35ms]
2025-04-26 05:06:10.174 [info] > git log --format=%H%n%aN%n%aE%n%at%n%ct%n%P%n%D%n%B -z --shortstat --diff-merges=first-parent -n50 --skip=0 --topo-order --decorate=full --stdin [28ms]
2025-04-26 05:06:10.174 [info] fatal: bad revision 'refs/heads/main'
2025-04-26 05:06:10.175 [error] [GitHistoryProvider][provideHistoryItems] Failed to get history items with options '{"historyItemRefs":["refs/heads/main"],"limit":50,"skip":0}': Failed to execute git {
  "exitCode": 128,
  "gitCommand": "log",
  "stdout": "",
  "stderr": "fatal: bad revision 'refs/heads/main'\n"
}
2025-04-26 05:06:18.139 [info] > git for-each-ref --sort -committerdate --format %(refname)%00%(objectname)%00%(*objectname)%00%(parent)%00%(*parent)%00%(authorname)%00%(*authorname)%00%(committerdate:unix)%00%(*committerdate:unix)%00%(subject)%00%(*subject)%00%(upstream:track) [45ms]
2025-04-26 05:08:34.133 [info] > git for-each-ref --sort -committerdate --format %(refname)%00%(objectname)%00%(*objectname)%00%(parent)%00%(*parent)%00%(authorname)%00%(*authorname)%00%(committerdate:unix)%00%(*committerdate:unix)%00%(subject)%00%(*subject)%00%(upstream:track) [36ms]
2025-04-26 05:08:35.996 [info] > git for-each-ref --sort -committerdate --format %(refname)%00%(objectname)%00%(*objectname)%00%(parent)%00%(*parent)%00%(authorname)%00%(*authorname)%00%(committerdate:unix)%00%(*committerdate:unix)%00%(subject)%00%(*subject)%00%(upstream:track) [37ms]
2025-04-26 05:08:54.499 [info] > git remote add origin https://github.com/kenchic/project.git [44ms]
2025-04-26 05:08:54.517 [info] > git config --get commit.template [12ms]
2025-04-26 05:08:54.530 [info] > git for-each-ref --format=%(refname)%00%(upstream:short)%00%(objectname)%00%(upstream:track)%00%(upstream:remotename)%00%(upstream:remoteref) refs/heads/main refs/remotes/main [21ms]
2025-04-26 05:08:54.530 [warning] [Git][getBranch] No such branch: main
2025-04-26 05:08:54.557 [info] > git for-each-ref --sort -committerdate --format %(refname)%00%(objectname)%00%(*objectname) [21ms]
2025-04-26 05:08:54.568 [info] > git status -z -uall [35ms]
2025-04-26 05:08:54.640 [info] > git push -u origin main [66ms]
2025-04-26 05:08:54.640 [info] error: src refspec main does not match any
error: failed to push some refs to 'https://github.com/kenchic/project.git'
2025-04-26 05:08:54.657 [info] > git config --get commit.template [11ms]
2025-04-26 05:08:54.669 [info] > git for-each-ref --format=%(refname)%00%(upstream:short)%00%(objectname)%00%(upstream:track)%00%(upstream:remotename)%00%(upstream:remoteref) refs/heads/main refs/remotes/main [19ms]
2025-04-26 05:08:54.669 [warning] [Git][getBranch] No such branch: main
2025-04-26 05:08:54.692 [info] > git for-each-ref --sort -committerdate --format %(refname)%00%(objectname)%00%(*objectname) [17ms]
2025-04-26 05:08:54.705 [info] > git status -z -uall [33ms]
2025-04-26 05:12:21.075 [info] > git for-each-ref --sort -committerdate --format %(refname)%00%(objectname)%00%(*objectname)%00%(parent)%00%(*parent)%00%(authorname)%00%(*authorname)%00%(committerdate:unix)%00%(*committerdate:unix)%00%(subject)%00%(*subject)%00%(upstream:track) [34ms]
2025-04-26 05:12:23.187 [info] > git for-each-ref --sort -committerdate --format %(refname)%00%(objectname)%00%(*objectname)%00%(parent)%00%(*parent)%00%(authorname)%00%(*authorname)%00%(committerdate:unix)%00%(*committerdate:unix)%00%(subject)%00%(*subject)%00%(upstream:track) [35ms]
2025-04-26 05:12:33.335 [info] > git for-each-ref --sort -committerdate --format %(refname)%00%(objectname)%00%(*objectname)%00%(parent)%00%(*parent)%00%(authorname)%00%(*authorname)%00%(committerdate:unix)%00%(*committerdate:unix)%00%(subject)%00%(*subject)%00%(upstream:track) [34ms]
2025-04-26 05:12:35.615 [info] > git for-each-ref --sort -committerdate --format %(refname)%00%(objectname)%00%(*objectname)%00%(parent)%00%(*parent)%00%(authorname)%00%(*authorname)%00%(committerdate:unix)%00%(*committerdate:unix)%00%(subject)%00%(*subject)%00%(upstream:track) [43ms]
2025-04-26 05:12:42.209 [info] > git log --format=%H%n%aN%n%aE%n%at%n%ct%n%P%n%D%n%B -z --shortstat --diff-merges=first-parent -n50 --skip=0 --topo-order --decorate=full --stdin [26ms]
2025-04-26 05:12:42.209 [info] fatal: bad revision 'refs/heads/main'
2025-04-26 05:12:42.209 [error] [GitHistoryProvider][provideHistoryItems] Failed to get history items with options '{"historyItemRefs":["refs/heads/main"],"limit":50,"skip":0}': Failed to execute git {
  "exitCode": 128,
  "gitCommand": "log",
  "stdout": "",
  "stderr": "fatal: bad revision 'refs/heads/main'\n"
}
2025-04-26 05:12:48.283 [info] > git config --get commit.template [13ms]
2025-04-26 05:12:48.300 [info] > git for-each-ref --format=%(refname)%00%(upstream:short)%00%(objectname)%00%(upstream:track)%00%(upstream:remotename)%00%(upstream:remoteref) refs/heads/main refs/remotes/main [27ms]
2025-04-26 05:12:48.300 [warning] [Git][getBranch] No such branch: main
2025-04-26 05:12:48.323 [info] > git for-each-ref --sort -committerdate --format %(refname)%00%(objectname)%00%(*objectname) [18ms]
2025-04-26 05:12:48.334 [info] > git status -z -uall [32ms]
2025-04-26 05:13:04.608 [info] > git for-each-ref --sort -committerdate --format %(refname)%00%(objectname)%00%(*objectname)%00%(parent)%00%(*parent)%00%(authorname)%00%(*authorname)%00%(committerdate:unix)%00%(*committerdate:unix)%00%(subject)%00%(*subject)%00%(upstream:track) [38ms]
2025-04-26 05:13:10.229 [info] > git checkout -q -b 1-initial --no-track HEAD [35ms]
2025-04-26 05:13:10.229 [info] fatal: 'HEAD' is not a commit and a branch '1-initial' cannot be created from it
2025-04-26 05:13:10.242 [info] > git config --get commit.template [9ms]
2025-04-26 05:13:10.253 [info] > git for-each-ref --format=%(refname)%00%(upstream:short)%00%(objectname)%00%(upstream:track)%00%(upstream:remotename)%00%(upstream:remoteref) refs/heads/main refs/remotes/main [18ms]
2025-04-26 05:13:10.254 [warning] [Git][getBranch] No such branch: main
2025-04-26 05:13:10.276 [info] > git for-each-ref --sort -committerdate --format %(refname)%00%(objectname)%00%(*objectname) [18ms]
2025-04-26 05:13:10.286 [info] > git status -z -uall [31ms]
2025-04-26 05:13:27.237 [info] > git for-each-ref --sort -committerdate --format %(refname)%00%(objectname)%00%(*objectname)%00%(parent)%00%(*parent)%00%(authorname)%00%(*authorname)%00%(committerdate:unix)%00%(*committerdate:unix)%00%(subject)%00%(*subject)%00%(upstream:track) [34ms]
2025-04-26 05:13:30.472 [info] > git for-each-ref --sort -committerdate --format %(refname)%00%(objectname)%00%(*objectname)%00%(parent)%00%(*parent)%00%(authorname)%00%(*authorname)%00%(committerdate:unix)%00%(*committerdate:unix)%00%(subject)%00%(*subject)%00%(upstream:track) [36ms]
2025-04-26 05:14:58.533 [info] > git log --format=%H%n%aN%n%aE%n%at%n%ct%n%P%n%D%n%B -z --shortstat --diff-merges=first-parent -n50 --skip=0 --topo-order --decorate=full --stdin [26ms]
2025-04-26 05:14:58.533 [info] fatal: bad revision 'refs/heads/main'
2025-04-26 05:14:58.533 [error] [GitHistoryProvider][provideHistoryItems] Failed to get history items with options '{"historyItemRefs":["refs/heads/main"],"limit":50,"skip":0}': Failed to execute git {
  "exitCode": 128,
  "gitCommand": "log",
  "stdout": "",
  "stderr": "fatal: bad revision 'refs/heads/main'\n"
}
