2025-04-26 04:43:07.787 [info] [main] Log level: Info
2025-04-26 04:43:07.787 [info] [main] Validating found git in: "git"
2025-04-26 04:43:07.787 [info] [main] Using git "2.39.5" from "git"
2025-04-26 04:43:07.787 [info] [Model][doInitialScan] Initial repository scan started
2025-04-26 04:43:07.787 [info] > git rev-parse --show-toplevel [20ms]
2025-04-26 04:43:07.788 [info] > git rev-parse --git-dir --git-common-dir [40ms]
2025-04-26 04:43:07.788 [info] [Model][openRepository] Opened repository: /home/coder/project
2025-04-26 04:43:07.788 [info] [Model][doInitialScan] Initial repository scan completed - repositories (1), closed repositories (0), parent repositories (0), unsafe repositories (0)
2025-04-26 04:43:07.795 [info] [Git][getRemotes] No remotes found in the git config file
2025-04-26 04:43:07.835 [info] > git config --get commit.template [43ms]
2025-04-26 04:43:07.851 [info] > git for-each-ref --format=%(refname)%00%(upstream:short)%00%(objectname)%00%(upstream:track)%00%(upstream:remotename)%00%(upstream:remoteref) refs/heads/main refs/remotes/main [53ms]
2025-04-26 04:43:07.852 [warning] [Git][getBranch] No such branch: main
2025-04-26 04:43:07.905 [info] > git for-each-ref --sort -committerdate --format %(refname)%00%(objectname)%00%(*objectname) [43ms]
2025-04-26 04:43:07.934 [info] > git status -z -uall [78ms]
2025-04-26 04:43:07.951 [info] [Git][getRemotes] No remotes found in the git config file
2025-04-26 04:43:07.972 [info] > git config --get commit.template [24ms]
2025-04-26 04:43:07.976 [info] > git for-each-ref --format=%(refname)%00%(upstream:short)%00%(objectname)%00%(upstream:track)%00%(upstream:remotename)%00%(upstream:remoteref) refs/heads/main refs/remotes/main [36ms]
2025-04-26 04:43:07.976 [warning] [Git][getBranch] No such branch: main
2025-04-26 04:43:07.978 [error] [GitHistoryProvider][resolveHEADMergeBase] Failed to resolve merge base for main: Error: No such branch: main.
2025-04-26 04:43:07.987 [info] > git for-each-ref --format=%(refname)%00%(upstream:short)%00%(objectname)%00%(upstream:track)%00%(upstream:remotename)%00%(upstream:remoteref) refs/heads/main refs/remotes/main [30ms]
2025-04-26 04:43:07.987 [warning] [Git][getBranch] No such branch: main
2025-04-26 04:43:08.012 [info] > git for-each-ref --sort -committerdate --format %(refname)%00%(objectname)%00%(*objectname) [20ms]
2025-04-26 04:43:08.032 [info] > git status -z -uall [42ms]
