2025-04-29 02:11:41.521 [info] [main] Log level: Info
2025-04-29 02:11:41.558 [info] [main] Validating found git in: "git"
2025-04-29 02:11:41.579 [info] [main] Using git "2.39.5" from "git"
2025-04-29 02:11:41.580 [info] [Model][doInitialScan] Initial repository scan started
2025-04-29 02:11:41.583 [info] > git rev-parse --show-toplevel [467ms]
2025-04-29 02:11:41.586 [info] > git rev-parse --git-dir --git-common-dir [298ms]
2025-04-29 02:11:41.587 [info] [Model][openRepository] Opened repository: /home/coder/project/PythonMCP
2025-04-29 02:11:41.624 [info] > git config --get commit.template [296ms]
2025-04-29 02:11:41.628 [info] > git rev-parse --show-toplevel [284ms]
2025-04-29 02:11:41.640 [info] [Model][doInitialScan] Initial repository scan completed - repositories (1), closed repositories (0), parent repositories (0), unsafe repositories (0)
2025-04-29 02:11:42.195 [info] > git for-each-ref --format=%(refname)%00%(upstream:short)%00%(objectname)%00%(upstream:track)%00%(upstream:remotename)%00%(upstream:remoteref) refs/heads/1-initial refs/remotes/1-initial [787ms]
2025-04-29 02:11:42.201 [warning] [Git][revParse] Unable to read file: ENOENT: no such file or directory, open '/home/coder/project/PythonMCP/.git/refs/remotes/origin/1-initial'
2025-04-29 02:11:42.264 [info] > git rev-parse refs/remotes/origin/1-initial [63ms]
2025-04-29 02:11:42.670 [info] > git for-each-ref --sort -committerdate --format %(refname)%00%(objectname)%00%(*objectname) [390ms]
2025-04-29 02:11:42.740 [info] > git status -z -uall [472ms]
2025-04-29 02:11:42.853 [info] > git config --get commit.template [22ms]
2025-04-29 02:11:43.628 [info] > git check-ignore -v -z --stdin [89ms]
2025-04-29 02:11:44.228 [info] > git for-each-ref --format=%(refname)%00%(upstream:short)%00%(objectname)%00%(upstream:track)%00%(upstream:remotename)%00%(upstream:remoteref) refs/heads/1-initial refs/remotes/1-initial [1196ms]
2025-04-29 02:11:44.235 [info] > git for-each-ref --format=%(refname)%00%(upstream:short)%00%(objectname)%00%(upstream:track)%00%(upstream:remotename)%00%(upstream:remoteref) refs/heads/1-initial refs/remotes/1-initial [1413ms]
2025-04-29 02:11:44.260 [warning] [Git][revParse] Unable to read file: ENOENT: no such file or directory, open '/home/coder/project/PythonMCP/.git/refs/remotes/origin/1-initial'
2025-04-29 02:11:44.362 [info] > git config --get --local branch.1-initial.vscode-merge-base [122ms]
2025-04-29 02:11:44.380 [info] > git rev-parse refs/remotes/origin/1-initial [120ms]
2025-04-29 02:11:44.444 [info] > git for-each-ref --format=%(refname)%00%(upstream:short)%00%(objectname)%00%(upstream:track)%00%(upstream:remotename)%00%(upstream:remoteref) refs/heads/origin/1-initial refs/remotes/origin/1-initial [64ms]
2025-04-29 02:11:44.528 [info] > git for-each-ref --sort -committerdate --format %(refname)%00%(objectname)%00%(*objectname) [140ms]
2025-04-29 02:11:44.609 [info] > git status -z -uall [225ms]
2025-04-29 02:11:44.640 [info] > git merge-base refs/heads/1-initial refs/remotes/origin/1-initial [191ms]
2025-04-29 02:11:44.779 [info] > git log --format=%H%n%aN%n%aE%n%at%n%ct%n%P%n%D%n%B -z --shortstat --diff-merges=first-parent -n50 --skip=0 --topo-order --decorate=full --stdin [303ms]
2025-04-29 02:11:44.994 [info] > git diff --name-status -z --diff-filter=ADMR 85182e72353e5fb0ea8dbab81114b8d7e773e4be...refs/remotes/origin/1-initial [350ms]
2025-04-29 02:11:44.997 [info] > git fetch [3723ms]
2025-04-29 02:11:45.006 [info] > git merge-base refs/heads/1-initial refs/remotes/origin/1-initial [386ms]
2025-04-29 02:11:45.054 [info] > git config --get commit.template [41ms]
2025-04-29 02:11:45.202 [info] > git diff --name-status -z --diff-filter=ADMR 85182e72353e5fb0ea8dbab81114b8d7e773e4be...refs/remotes/origin/1-initial [193ms]
2025-04-29 02:11:45.345 [info] > git for-each-ref --format=%(refname)%00%(upstream:short)%00%(objectname)%00%(upstream:track)%00%(upstream:remotename)%00%(upstream:remoteref) refs/heads/1-initial refs/remotes/1-initial [294ms]
2025-04-29 02:11:45.364 [warning] [Git][revParse] Unable to read file: ENOENT: no such file or directory, open '/home/coder/project/PythonMCP/.git/refs/remotes/origin/1-initial'
2025-04-29 02:11:45.538 [info] > git rev-parse refs/remotes/origin/1-initial [174ms]
2025-04-29 02:11:45.690 [info] > git for-each-ref --sort -committerdate --format %(refname)%00%(objectname)%00%(*objectname) [145ms]
2025-04-29 02:11:45.714 [info] > git status -z -uall [173ms]
2025-04-29 02:11:49.521 [info] > git config --get commit.template [33ms]
2025-04-29 02:11:49.768 [info] > git for-each-ref --format=%(refname)%00%(upstream:short)%00%(objectname)%00%(upstream:track)%00%(upstream:remotename)%00%(upstream:remoteref) refs/heads/1-initial refs/remotes/1-initial [274ms]
2025-04-29 02:11:49.775 [warning] [Git][revParse] Unable to read file: ENOENT: no such file or directory, open '/home/coder/project/PythonMCP/.git/refs/remotes/origin/1-initial'
2025-04-29 02:11:49.960 [info] > git rev-parse refs/remotes/origin/1-initial [185ms]
2025-04-29 02:11:50.142 [info] > git for-each-ref --sort -committerdate --format %(refname)%00%(objectname)%00%(*objectname) [168ms]
2025-04-29 02:11:50.175 [info] > git status -z -uall [204ms]
2025-04-29 02:11:59.347 [info] > git ls-files --stage -- docker/Dockerfile [69ms]
2025-04-29 02:11:59.409 [info] > git cat-file -s ced355271c3ecce405827825ef80b853f12d2414 [59ms]
2025-04-29 02:11:59.413 [info] > git show --textconv :docker/Dockerfile [141ms]
2025-04-29 02:11:59.420 [info] > git ls-tree -l HEAD -- docker/Dockerfile [145ms]
2025-04-29 02:11:59.491 [info] > git show --textconv HEAD:docker/Dockerfile [222ms]
2025-04-29 02:11:59.833 [info] > git check-ignore -v -z --stdin [49ms]
2025-04-29 02:11:59.948 [info] > git blame --root --incremental fd89f58af533cab975cd9db99136ba93854d84e6 -- docker/Dockerfile [395ms]
2025-04-29 02:12:25.960 [info] > git ls-files --stage -- docker/Dockerfile [44ms]
2025-04-29 02:12:26.019 [info] > git show --textconv :docker/Dockerfile [110ms]
2025-04-29 02:12:26.027 [info] > git ls-tree -l HEAD -- docker/Dockerfile [108ms]
2025-04-29 02:12:26.068 [info] > git cat-file -s ced355271c3ecce405827825ef80b853f12d2414 [104ms]
2025-04-29 02:12:26.082 [info] > git show --textconv HEAD:docker/Dockerfile [170ms]
2025-04-29 02:13:30.049 [info] > git ls-files --stage -- docker/Dockerfile [140ms]
2025-04-29 02:13:30.216 [info] > git cat-file -s ced355271c3ecce405827825ef80b853f12d2414 [163ms]
2025-04-29 02:13:30.236 [info] > git ls-tree -l HEAD -- docker/Dockerfile [330ms]
2025-04-29 02:13:46.911 [info] > git config --get commit.template [60ms]
2025-04-29 02:13:47.031 [info] > git for-each-ref --format=%(refname)%00%(upstream:short)%00%(objectname)%00%(upstream:track)%00%(upstream:remotename)%00%(upstream:remoteref) refs/heads/1-initial refs/remotes/1-initial [149ms]
2025-04-29 02:13:47.037 [warning] [Git][revParse] Unable to read file: ENOENT: no such file or directory, open '/home/coder/project/PythonMCP/.git/refs/remotes/origin/1-initial'
2025-04-29 02:13:47.080 [info] > git rev-parse refs/remotes/origin/1-initial [43ms]
2025-04-29 02:13:47.170 [info] > git for-each-ref --sort -committerdate --format %(refname)%00%(objectname)%00%(*objectname) [83ms]
2025-04-29 02:13:47.242 [info] > git status -z -uall [159ms]
2025-04-29 02:13:47.388 [info] > git merge-base refs/heads/1-initial refs/remotes/origin/1-initial [138ms]
2025-04-29 02:13:47.508 [info] > git diff --name-status -z --diff-filter=ADMR 85182e72353e5fb0ea8dbab81114b8d7e773e4be...refs/remotes/origin/1-initial [117ms]
2025-04-29 02:13:47.554 [info] > git log --format=%H%n%aN%n%aE%n%at%n%ct%n%P%n%D%n%B -z --shortstat --diff-merges=first-parent -n50 --skip=0 --topo-order --decorate=full --stdin [284ms]
2025-04-29 02:13:53.001 [info] > git log --oneline --cherry 1-initial...1-initial@{upstream} -- [297ms]
2025-04-29 02:13:54.424 [info] > git pull --tags origin 1-initial [1419ms]
2025-04-29 02:13:54.424 [info] From https://github.com/kenchic/PythonMCP
 * branch            1-initial  -> FETCH_HEAD
2025-04-29 02:13:55.991 [info] > git push origin 1-initial:1-initial [1563ms]
2025-04-29 02:13:55.991 [info] To https://github.com/kenchic/PythonMCP.git
   85182e7..cb6625e  1-initial -> 1-initial
2025-04-29 02:13:56.015 [info] > git config --get commit.template [19ms]
2025-04-29 02:13:56.129 [info] > git for-each-ref --format=%(refname)%00%(upstream:short)%00%(objectname)%00%(upstream:track)%00%(upstream:remotename)%00%(upstream:remoteref) refs/heads/1-initial refs/remotes/1-initial [129ms]
2025-04-29 02:13:56.243 [info] > git for-each-ref --sort -committerdate --format %(refname)%00%(objectname)%00%(*objectname) [102ms]
2025-04-29 02:13:56.276 [info] > git status -z -uall [137ms]
2025-04-29 02:13:56.410 [info] > git merge-base refs/heads/1-initial refs/remotes/origin/1-initial [123ms]
2025-04-29 02:13:56.508 [info] > git diff --name-status -z --diff-filter=ADMR cb6625ef981bb9a96fbb0007ee5c65303c895059...refs/remotes/origin/1-initial [94ms]
2025-04-29 02:13:56.514 [info] > git log --format=%H%n%aN%n%aE%n%at%n%ct%n%P%n%D%n%B -z --shortstat --diff-merges=first-parent -n50 --skip=0 --topo-order --decorate=full --stdin [206ms]
2025-04-29 02:13:59.148 [info] > git config --get commit.template [49ms]
2025-04-29 02:13:59.336 [info] > git for-each-ref --format=%(refname)%00%(upstream:short)%00%(objectname)%00%(upstream:track)%00%(upstream:remotename)%00%(upstream:remoteref) refs/heads/1-initial refs/remotes/1-initial [222ms]
2025-04-29 02:13:59.465 [info] > git status -z -uall [116ms]
2025-04-29 02:13:59.485 [info] > git for-each-ref --sort -committerdate --format %(refname)%00%(objectname)%00%(*objectname) [132ms]
2025-04-29 02:14:02.596 [info] > git config --get commit.template [44ms]
2025-04-29 02:14:02.784 [info] > git for-each-ref --format=%(refname)%00%(upstream:short)%00%(objectname)%00%(upstream:track)%00%(upstream:remotename)%00%(upstream:remoteref) refs/heads/1-initial refs/remotes/1-initial [219ms]
2025-04-29 02:14:02.947 [info] > git for-each-ref --sort -committerdate --format %(refname)%00%(objectname)%00%(*objectname) [137ms]
2025-04-29 02:14:02.979 [info] > git status -z -uall [173ms]
2025-04-29 02:29:39.182 [info] > git fetch [1665ms]
2025-04-29 02:29:39.265 [info] > git config --get commit.template [53ms]
2025-04-29 02:29:39.756 [info] > git for-each-ref --format=%(refname)%00%(upstream:short)%00%(objectname)%00%(upstream:track)%00%(upstream:remotename)%00%(upstream:remoteref) refs/heads/1-initial refs/remotes/1-initial [521ms]
2025-04-29 02:29:40.216 [info] > git status -z -uall [319ms]
2025-04-29 02:29:40.230 [info] > git for-each-ref --sort -committerdate --format %(refname)%00%(objectname)%00%(*objectname) [330ms]
2025-04-29 02:29:40.547 [info] > git check-ignore -v -z --stdin [49ms]
2025-04-29 02:29:49.732 [info] > git check-ignore -v -z --stdin [197ms]
2025-04-29 02:29:50.103 [info] > git config --get commit.template [21ms]
2025-04-29 02:29:50.290 [info] > git for-each-ref --format=%(refname)%00%(upstream:short)%00%(objectname)%00%(upstream:track)%00%(upstream:remotename)%00%(upstream:remoteref) refs/heads/1-initial refs/remotes/1-initial [196ms]
2025-04-29 02:29:50.651 [info] > git status -z -uall [265ms]
2025-04-29 02:29:50.660 [info] > git for-each-ref --sort -committerdate --format %(refname)%00%(objectname)%00%(*objectname) [271ms]
2025-04-29 02:29:52.551 [info] > git check-ignore -v -z --stdin [102ms]
2025-04-29 02:29:55.737 [info] > git config --get commit.template [48ms]
2025-04-29 02:29:55.984 [info] > git for-each-ref --format=%(refname)%00%(upstream:short)%00%(objectname)%00%(upstream:track)%00%(upstream:remotename)%00%(upstream:remoteref) refs/heads/1-initial refs/remotes/1-initial [289ms]
2025-04-29 02:29:56.249 [info] > git status -z -uall [221ms]
2025-04-29 02:29:56.285 [info] > git for-each-ref --sort -committerdate --format %(refname)%00%(objectname)%00%(*objectname) [238ms]
2025-04-29 02:30:00.489 [info] > git check-ignore -v -z --stdin [34ms]
2025-04-29 02:30:01.322 [info] > git config --get commit.template [20ms]
2025-04-29 02:30:01.580 [info] > git for-each-ref --format=%(refname)%00%(upstream:short)%00%(objectname)%00%(upstream:track)%00%(upstream:remotename)%00%(upstream:remoteref) refs/heads/1-initial refs/remotes/1-initial [275ms]
2025-04-29 02:30:01.728 [info] > git status -z -uall [116ms]
2025-04-29 02:30:01.734 [info] > git for-each-ref --sort -committerdate --format %(refname)%00%(objectname)%00%(*objectname) [119ms]
2025-04-29 02:30:12.769 [info] > git config --get commit.template [205ms]
2025-04-29 02:30:13.079 [info] > git for-each-ref --format=%(refname)%00%(upstream:short)%00%(objectname)%00%(upstream:track)%00%(upstream:remotename)%00%(upstream:remoteref) refs/heads/1-initial refs/remotes/1-initial [505ms]
2025-04-29 02:30:13.223 [info] > git status -z -uall [121ms]
2025-04-29 02:30:13.387 [info] > git for-each-ref --sort -committerdate --format %(refname)%00%(objectname)%00%(*objectname) [282ms]
2025-04-29 02:31:40.173 [info] > git config --get commit.template [37ms]
2025-04-29 02:31:40.492 [info] > git for-each-ref --format=%(refname)%00%(upstream:short)%00%(objectname)%00%(upstream:track)%00%(upstream:remotename)%00%(upstream:remoteref) refs/heads/1-initial refs/remotes/1-initial [342ms]
2025-04-29 02:31:40.680 [info] > git status -z -uall [103ms]
2025-04-29 02:31:40.771 [info] > git for-each-ref --sort -committerdate --format %(refname)%00%(objectname)%00%(*objectname) [191ms]
2025-04-29 02:31:45.817 [info] > git config --get commit.template [35ms]
2025-04-29 02:31:46.088 [info] > git for-each-ref --format=%(refname)%00%(upstream:short)%00%(objectname)%00%(upstream:track)%00%(upstream:remotename)%00%(upstream:remoteref) refs/heads/1-initial refs/remotes/1-initial [298ms]
2025-04-29 02:31:46.229 [info] > git status -z -uall [116ms]
2025-04-29 02:31:46.356 [info] > git for-each-ref --sort -committerdate --format %(refname)%00%(objectname)%00%(*objectname) [239ms]
2025-04-29 02:34:28.230 [info] > git ls-files --stage -- docker/docker-compose.yml [91ms]
2025-04-29 02:34:28.298 [info] > git cat-file -s 66b94f042cce6e5b141f7f4581ac93d8c23215cf [64ms]
2025-04-29 02:34:28.299 [info] > git show --textconv :docker/docker-compose.yml [163ms]
2025-04-29 02:34:29.288 [info] > git fetch [1549ms]
2025-04-29 02:34:29.313 [info] > git config --get commit.template [16ms]
2025-04-29 02:34:29.542 [info] > git for-each-ref --format=%(refname)%00%(upstream:short)%00%(objectname)%00%(upstream:track)%00%(upstream:remotename)%00%(upstream:remoteref) refs/heads/1-initial refs/remotes/1-initial [242ms]
2025-04-29 02:34:30.164 [info] > git for-each-ref --sort -committerdate --format %(refname)%00%(objectname)%00%(*objectname) [604ms]
2025-04-29 02:34:30.190 [info] > git status -z -uall [633ms]
2025-04-29 02:38:38.402 [info] > git fetch [1093ms]
2025-04-29 02:38:38.421 [info] > git config --get commit.template [14ms]
2025-04-29 02:38:38.562 [info] > git for-each-ref --format=%(refname)%00%(upstream:short)%00%(objectname)%00%(upstream:track)%00%(upstream:remotename)%00%(upstream:remoteref) refs/heads/1-initial refs/remotes/1-initial [150ms]
2025-04-29 02:38:38.678 [info] > git status -z -uall [104ms]
2025-04-29 02:38:38.841 [info] > git for-each-ref --sort -committerdate --format %(refname)%00%(objectname)%00%(*objectname) [259ms]
2025-04-29 02:38:48.818 [info] > git ls-files --stage -- README.md [1016ms]
2025-04-29 02:38:48.983 [info] > git cat-file -s d6781d9acd1be07c3dd61304ba737ac2b3d775e3 [162ms]
2025-04-29 02:38:48.987 [info] > git show --textconv :README.md [1188ms]
2025-04-29 02:38:49.150 [info] > git blame --root --incremental cb6625ef981bb9a96fbb0007ee5c65303c895059 -- README.md [105ms]
2025-04-29 02:38:54.938 [info] > git config --get commit.template [21ms]
2025-04-29 02:38:55.120 [info] > git for-each-ref --format=%(refname)%00%(upstream:short)%00%(objectname)%00%(upstream:track)%00%(upstream:remotename)%00%(upstream:remoteref) refs/heads/1-initial refs/remotes/1-initial [199ms]
2025-04-29 02:38:55.261 [info] > git for-each-ref --sort -committerdate --format %(refname)%00%(objectname)%00%(*objectname) [107ms]
2025-04-29 02:38:55.265 [info] > git status -z -uall [114ms]
2025-04-29 02:39:13.671 [info] > git check-ignore -v -z --stdin [223ms]
2025-04-29 02:39:13.676 [info] > git show --textconv :src/hello.py [158ms]
2025-04-29 02:39:13.676 [info] > git ls-files --stage -- src/hello.py [146ms]
2025-04-29 02:39:13.704 [info] > git hash-object -t tree /dev/null [24ms]
2025-04-29 02:39:13.710 [warning] [GitFileSystemProvider][stat] File not found - git:/home/coder/project/PythonMCP/src/hello.py.git?%7B%22path%22%3A%22%2Fhome%2Fcoder%2Fproject%2FPythonMCP%2Fsrc%2Fhello.py%22%2C%22ref%22%3A%22%22%7D
2025-04-29 02:39:13.720 [info] > git hash-object -t tree /dev/null [37ms]
2025-04-29 02:39:13.723 [warning] [GitFileSystemProvider][readFile] File not found - git:/home/coder/project/PythonMCP/src/hello.py.git?%7B%22path%22%3A%22%2Fhome%2Fcoder%2Fproject%2FPythonMCP%2Fsrc%2Fhello.py%22%2C%22ref%22%3A%22%22%7D
2025-04-29 02:39:49.640 [info] > git ls-files --stage -- README.md [88ms]
2025-04-29 02:39:49.688 [info] > git show --textconv :README.md [139ms]
2025-04-29 02:39:49.702 [info] > git cat-file -s d6781d9acd1be07c3dd61304ba737ac2b3d775e3 [58ms]
2025-04-29 02:39:50.754 [info] > git ls-files --stage -- docker/docker-compose.yml [125ms]
2025-04-29 02:39:50.823 [info] > git show --textconv :docker/docker-compose.yml [198ms]
2025-04-29 02:39:50.832 [info] > git cat-file -s 66b94f042cce6e5b141f7f4581ac93d8c23215cf [74ms]
2025-04-29 02:39:53.897 [info] > git log --format=%H%n%aN%n%aE%n%at%n%ct%n%P%n%D%n%B -z --shortstat --diff-merges=first-parent -n50 --skip=0 --topo-order --decorate=full --stdin [141ms]
2025-04-29 02:40:07.111 [info] > git config --get commit.template [23ms]
2025-04-29 02:40:07.276 [info] > git for-each-ref --format=%(refname)%00%(upstream:short)%00%(objectname)%00%(upstream:track)%00%(upstream:remotename)%00%(upstream:remoteref) refs/heads/1-initial refs/remotes/1-initial [182ms]
2025-04-29 02:40:07.371 [info] > git for-each-ref --sort -committerdate --format %(refname)%00%(objectname)%00%(*objectname) [78ms]
2025-04-29 02:40:07.373 [info] > git status -z -uall [84ms]
2025-04-29 02:40:34.841 [info] > git add -A -- src/hello.py [59ms]
2025-04-29 02:40:34.866 [info] > git config --get commit.template [14ms]
2025-04-29 02:40:35.008 [info] > git for-each-ref --format=%(refname)%00%(upstream:short)%00%(objectname)%00%(upstream:track)%00%(upstream:remotename)%00%(upstream:remoteref) refs/heads/1-initial refs/remotes/1-initial [153ms]
2025-04-29 02:40:35.117 [info] > git status -z -uall [94ms]
2025-04-29 02:40:35.151 [info] > git for-each-ref --sort -committerdate --format %(refname)%00%(objectname)%00%(*objectname) [118ms]
2025-04-29 02:40:42.409 [info] > git config --get commit.template [47ms]
2025-04-29 02:40:42.551 [info] > git for-each-ref --format=%(refname)%00%(upstream:short)%00%(objectname)%00%(upstream:track)%00%(upstream:remotename)%00%(upstream:remoteref) refs/heads/1-initial refs/remotes/1-initial [157ms]
2025-04-29 02:40:42.649 [info] > git status -z -uall [89ms]
2025-04-29 02:40:42.683 [info] > git for-each-ref --sort -committerdate --format %(refname)%00%(objectname)%00%(*objectname) [119ms]
2025-04-29 02:40:42.800 [info] > git merge-base refs/heads/1-initial refs/remotes/origin/1-initial [110ms]
2025-04-29 02:40:42.891 [info] > git diff --name-status -z --diff-filter=ADMR cb6625ef981bb9a96fbb0007ee5c65303c895059...refs/remotes/origin/1-initial [87ms]
2025-04-29 02:40:42.907 [info] > git log --format=%H%n%aN%n%aE%n%at%n%ct%n%P%n%D%n%B -z --shortstat --diff-merges=first-parent -n50 --skip=0 --topo-order --decorate=full --stdin [196ms]
2025-04-29 02:40:47.273 [info] > git log --oneline --cherry 1-initial...1-initial@{upstream} -- [192ms]
2025-04-29 02:40:48.288 [info] > git pull --tags origin 1-initial [1011ms]
2025-04-29 02:40:48.289 [info] From https://github.com/kenchic/PythonMCP
 * branch            1-initial  -> FETCH_HEAD
2025-04-29 02:40:49.684 [info] > git push origin 1-initial:1-initial [1393ms]
2025-04-29 02:40:49.684 [info] To https://github.com/kenchic/PythonMCP.git
   cb6625e..9db1b2b  1-initial -> 1-initial
2025-04-29 02:40:49.707 [info] > git config --get commit.template [17ms]
2025-04-29 02:40:49.800 [info] > git for-each-ref --format=%(refname)%00%(upstream:short)%00%(objectname)%00%(upstream:track)%00%(upstream:remotename)%00%(upstream:remoteref) refs/heads/1-initial refs/remotes/1-initial [100ms]
2025-04-29 02:40:49.885 [info] > git for-each-ref --sort -committerdate --format %(refname)%00%(objectname)%00%(*objectname) [75ms]
2025-04-29 02:40:49.916 [info] > git status -z -uall [109ms]
2025-04-29 02:40:50.275 [info] > git merge-base refs/heads/1-initial refs/remotes/origin/1-initial [351ms]
2025-04-29 02:40:50.384 [info] > git diff --name-status -z --diff-filter=ADMR 9db1b2b53895436af7ffc8e5225a83929c6d3d41...refs/remotes/origin/1-initial [105ms]
2025-04-29 02:40:50.606 [info] > git log --format=%H%n%aN%n%aE%n%at%n%ct%n%P%n%D%n%B -z --shortstat --diff-merges=first-parent -n50 --skip=0 --topo-order --decorate=full --stdin [663ms]
2025-04-29 02:41:05.800 [info] > git ls-files --stage -- docker/docker-compose.yml [21ms]
2025-04-29 02:41:05.854 [info] > git show --textconv :docker/docker-compose.yml [78ms]
2025-04-29 02:41:05.856 [info] > git cat-file -s 66b94f042cce6e5b141f7f4581ac93d8c23215cf [52ms]
2025-04-29 02:41:11.213 [info] > git ls-files --stage -- docker/Dockerfile [21ms]
2025-04-29 02:41:11.283 [info] > git show --textconv :docker/Dockerfile [95ms]
2025-04-29 02:41:11.288 [info] > git cat-file -s ced355271c3ecce405827825ef80b853f12d2414 [71ms]
2025-04-29 02:41:11.435 [info] > git blame --root --incremental 9db1b2b53895436af7ffc8e5225a83929c6d3d41 -- docker/Dockerfile [135ms]
2025-04-29 02:41:39.722 [info] > git fetch [882ms]
2025-04-29 02:41:39.741 [info] > git config --get commit.template [14ms]
2025-04-29 02:41:39.821 [info] > git for-each-ref --format=%(refname)%00%(upstream:short)%00%(objectname)%00%(upstream:track)%00%(upstream:remotename)%00%(upstream:remoteref) refs/heads/1-initial refs/remotes/1-initial [90ms]
2025-04-29 02:41:39.921 [info] > git for-each-ref --sort -committerdate --format %(refname)%00%(objectname)%00%(*objectname) [89ms]
2025-04-29 02:41:39.942 [info] > git status -z -uall [114ms]
2025-04-29 03:01:50.712 [info] > git fetch [1204ms]
2025-04-29 03:01:50.739 [info] > git config --get commit.template [21ms]
2025-04-29 03:01:50.832 [info] > git for-each-ref --format=%(refname)%00%(upstream:short)%00%(objectname)%00%(upstream:track)%00%(upstream:remotename)%00%(upstream:remoteref) refs/heads/1-initial refs/remotes/1-initial [106ms]
2025-04-29 03:01:50.943 [info] > git for-each-ref --sort -committerdate --format %(refname)%00%(objectname)%00%(*objectname) [95ms]
2025-04-29 03:01:50.961 [info] > git status -z -uall [115ms]
