2025-04-26 05:22:24.017 [info] [main] Log level: Info
2025-04-26 05:22:24.017 [info] [main] Validating found git in: "git"
2025-04-26 05:22:24.017 [info] [main] Using git "2.39.5" from "git"
2025-04-26 05:22:24.017 [info] [Model][doInitialScan] Initial repository scan started
2025-04-26 05:22:24.018 [info] > git rev-parse --show-toplevel [69ms]
2025-04-26 05:22:24.080 [info] > git rev-parse --git-dir --git-common-dir [66ms]
2025-04-26 05:22:24.098 [info] [Model][openRepository] Opened repository: /home/coder/project
2025-04-26 05:22:24.106 [info] [Model][doInitialScan] Initial repository scan completed - repositories (1), closed repositories (0), parent repositories (0), unsafe repositories (0)
2025-04-26 05:22:24.156 [info] > git config --get commit.template [41ms]
2025-04-26 05:22:24.199 [info] > git for-each-ref --format=%(refname)%00%(upstream:short)%00%(objectname)%00%(upstream:track)%00%(upstream:remotename)%00%(upstream:remoteref) refs/heads/main refs/remotes/main [76ms]
2025-04-26 05:22:24.206 [warning] [Git][getBranch] No such branch: main
2025-04-26 05:22:24.273 [info] > git status -z -uall [61ms]
2025-04-26 05:22:24.275 [info] > git for-each-ref --sort -committerdate --format %(refname)%00%(objectname)%00%(*objectname) [59ms]
2025-04-26 05:22:24.348 [info] > git for-each-ref --format=%(refname)%00%(upstream:short)%00%(objectname)%00%(upstream:track)%00%(upstream:remotename)%00%(upstream:remoteref) refs/heads/main refs/remotes/main [55ms]
2025-04-26 05:22:24.349 [warning] [Git][getBranch] No such branch: main
2025-04-26 05:22:24.349 [info] > git for-each-ref --format=%(refname)%00%(upstream:short)%00%(objectname)%00%(upstream:track)%00%(upstream:remotename)%00%(upstream:remoteref) refs/heads/main refs/remotes/main [68ms]
2025-04-26 05:22:24.349 [warning] [Git][getBranch] No such branch: main
2025-04-26 05:22:24.350 [error] [GitHistoryProvider][resolveHEADMergeBase] Failed to resolve merge base for main: Error: No such branch: main.
2025-04-26 05:22:24.351 [info] > git config --get commit.template [63ms]
2025-04-26 05:22:24.405 [info] > git status -z -uall [50ms]
2025-04-26 05:22:24.405 [info] > git for-each-ref --sort -committerdate --format %(refname)%00%(objectname)%00%(*objectname) [47ms]
2025-04-26 05:22:24.481 [info] > git log --format=%H%n%aN%n%aE%n%at%n%ct%n%P%n%D%n%B -z --shortstat --diff-merges=first-parent -n50 --skip=0 --topo-order --decorate=full --stdin [67ms]
2025-04-26 05:22:24.481 [info] fatal: bad revision 'refs/heads/main'
2025-04-26 05:22:24.482 [error] [GitHistoryProvider][provideHistoryItems] Failed to get history items with options '{"historyItemRefs":["refs/heads/main"],"limit":50,"skip":0}': Failed to execute git {
  "exitCode": 128,
  "gitCommand": "log",
  "stdout": "",
  "stderr": "fatal: bad revision 'refs/heads/main'\n"
}
2025-04-26 05:22:42.078 [info] > git log --format=%H%n%aN%n%aE%n%at%n%ct%n%P%n%D%n%B -z --shortstat --diff-merges=first-parent -n50 --skip=0 --topo-order --decorate=full --stdin [46ms]
2025-04-26 05:22:42.079 [info] fatal: bad revision 'refs/heads/main'
2025-04-26 05:22:42.079 [error] [GitHistoryProvider][provideHistoryItems] Failed to get history items with options '{"historyItemRefs":["refs/heads/main"],"limit":50,"skip":0}': Failed to execute git {
  "exitCode": 128,
  "gitCommand": "log",
  "stdout": "",
  "stderr": "fatal: bad revision 'refs/heads/main'\n"
}
2025-04-26 05:22:49.760 [info] > git for-each-ref --sort -committerdate --format %(refname)%00%(objectname)%00%(*objectname)%00%(parent)%00%(*parent)%00%(authorname)%00%(*authorname)%00%(committerdate:unix)%00%(*committerdate:unix)%00%(subject)%00%(*subject)%00%(upstream:track) [42ms]
2025-04-26 05:23:07.630 [info] > git for-each-ref --sort -committerdate --format %(refname)%00%(objectname)%00%(*objectname)%00%(parent)%00%(*parent)%00%(authorname)%00%(*authorname)%00%(committerdate:unix)%00%(*committerdate:unix)%00%(subject)%00%(*subject)%00%(upstream:track) [33ms]
2025-04-26 05:23:08.673 [info] > git for-each-ref --sort -committerdate --format %(refname)%00%(objectname)%00%(*objectname)%00%(parent)%00%(*parent)%00%(authorname)%00%(*authorname)%00%(committerdate:unix)%00%(*committerdate:unix)%00%(subject)%00%(*subject)%00%(upstream:track) [34ms]
2025-04-26 05:23:10.739 [info] > git config --get commit.template [13ms]
2025-04-26 05:23:10.751 [info] > git for-each-ref --format=%(refname)%00%(upstream:short)%00%(objectname)%00%(upstream:track)%00%(upstream:remotename)%00%(upstream:remoteref) refs/heads/main refs/remotes/main [21ms]
2025-04-26 05:23:10.752 [warning] [Git][getBranch] No such branch: main
2025-04-26 05:23:10.776 [info] > git for-each-ref --sort -committerdate --format %(refname)%00%(objectname)%00%(*objectname) [19ms]
2025-04-26 05:23:10.781 [info] > git status -z -uall [27ms]
2025-04-26 05:23:50.315 [info] > git clone https://github.com/kenchic/PythonMCP.git /home/coder/project/PythonMCP --progress [1069ms]
2025-04-26 05:23:50.315 [info] Cloning into '/home/coder/project/PythonMCP'...
remote: Enumerating objects: 3, done.        
remote: Counting objects:  33% (1/3)        remote: Counting objects:  66% (2/3)        remote: Counting objects: 100% (3/3)        remote: Counting objects: 100% (3/3), done.        
remote: Compressing objects:  50% (1/2)        remote: Compressing objects: 100% (2/2)        remote: Compressing objects: 100% (2/2), done.        
remote: Total 3 (delta 0), reused 0 (delta 0), pack-reused 0 (from 0)        
Receiving objects:  33% (1/3)Receiving objects:  66% (2/3)Receiving objects: 100% (3/3)Receiving objects: 100% (3/3), done.
2025-04-26 05:23:50.349 [info] > git config --get commit.template [12ms]
2025-04-26 05:23:50.358 [info] > git for-each-ref --format=%(refname)%00%(upstream:short)%00%(objectname)%00%(upstream:track)%00%(upstream:remotename)%00%(upstream:remoteref) refs/heads/main refs/remotes/main [18ms]
2025-04-26 05:23:50.358 [warning] [Git][getBranch] No such branch: main
2025-04-26 05:23:50.380 [info] > git for-each-ref --sort -committerdate --format %(refname)%00%(objectname)%00%(*objectname) [17ms]
2025-04-26 05:23:50.395 [info] > git status -z -uall [35ms]
