File not found: /usr/lib/code-server/lib/vscode/node_modules/vsda/rust/web/vsda_bg.wasm
File not found: /usr/lib/code-server/lib/vscode/node_modules/vsda/rust/web/vsda.js
File not found: /usr/lib/code-server/lib/vscode/node_modules/vsda/rust/web/vsda.js
File not found: /usr/lib/code-server/lib/vscode/node_modules/vsda/rust/web/vsda_bg.wasm
[04:43:46] Could not load vsce-sign module Cannot find package '@vscode/vsce-sign' imported from /usr/lib/code-server/lib/vscode/out/server-main.js
[04:43:50] Could not load vsce-sign module Cannot find package '@vscode/vsce-sign' imported from /usr/lib/code-server/lib/vscode/out/server-main.js
File not found: /usr/lib/code-server/lib/vscode/node_modules/vsda/rust/web/vsda_bg.wasm
File not found: /usr/lib/code-server/lib/vscode/node_modules/vsda/rust/web/vsda.js
File not found: /usr/lib/code-server/lib/vscode/node_modules/vsda/rust/web/vsda_bg.wasm
File not found: /usr/lib/code-server/lib/vscode/node_modules/vsda/rust/web/vsda.js
[05:22:19] [172.23.0.1][cec1b48b][ExtensionHostConnection] Unknown reconnection token (never seen).
[05:22:19] [172.23.0.1][54b83908][ManagementConnection] Unknown reconnection token (never seen).
File not found: /usr/lib/code-server/lib/vscode/node_modules/vsda/rust/web/vsda_bg.wasm
File not found: /usr/lib/code-server/lib/vscode/node_modules/vsda/rust/web/vsda.js
File not found: /usr/lib/code-server/lib/vscode/node_modules/vsda/rust/web/vsda.js
File not found: /usr/lib/code-server/lib/vscode/node_modules/vsda/rust/web/vsda_bg.wasm
File not found: /usr/lib/code-server/lib/vscode/node_modules/vsda/rust/web/vsda_bg.wasm
File not found: /usr/lib/code-server/lib/vscode/node_modules/vsda/rust/web/vsda.js
File not found: /usr/lib/code-server/lib/vscode/node_modules/vsda/rust/web/vsda_bg.wasm
File not found: /usr/lib/code-server/lib/vscode/node_modules/vsda/rust/web/vsda.js
File not found: /usr/lib/code-server/lib/vscode/node_modules/vsda/rust/web/vsda_bg.wasm
File not found: /usr/lib/code-server/lib/vscode/node_modules/vsda/rust/web/vsda.js
File not found: /usr/lib/code-server/lib/vscode/node_modules/vsda/rust/web/vsda_bg.wasm
File not found: /usr/lib/code-server/lib/vscode/node_modules/vsda/rust/web/vsda.js
File not found: /usr/lib/code-server/lib/vscode/node_modules/vsda/rust/web/vsda_bg.wasm
File not found: /usr/lib/code-server/lib/vscode/node_modules/vsda/rust/web/vsda.js
File not found: /usr/lib/code-server/lib/vscode/node_modules/vsda/rust/web/vsda_bg.wasm
File not found: /usr/lib/code-server/lib/vscode/node_modules/vsda/rust/web/vsda.js
